{
    "num_samples": 60480,
    "average power": "11.85 MW",
    "min loss": "1.31 MW",
    "average loss": "1.72 MW",
    "max loss": "1.77 MW",
    "system power efficiency": "85.52%",
    "total energy consumed": "1990.49 MW-hr",
    "carbon emissions": "899.78 metric tons CO2",
    "total cost": "$187106.45"
}{
    "jobs completed": 24712,
    "throughput": "147.10 jobs/hour",
    "jobs still running": [
        "jid_915569",
        "jid_910950",
        "jid_909224",
        "jid_903889",
        "jid_903889",
        "jid_903889",
        "jid_903889",
        "jid_903889",
        "jid_912491",
        "jid_912007",
        "jid_917300",
        "jid_910310",
        "jid_909263",
        "jid_909263",
        "jid_811881",
        "jid_848711",
        "jid_876639",
        "jid_876639",
        "jid_872161",
        "jid_872161",
        "jid_908363",
        "jid_908050",
        "jid_908251",
        "jid_908251",
        "jid_908788",
        "jid_909559",
        "jid_909273",
        "jid_878439",
        "jid_877873",
        "jid_912146",
        "jid_908241",
        "jid_908232",
        "jid_912422",
        "jid_908255",
        "jid_908268",
        "jid_908228",
        "jid_908228",
        "jid_908228",
        "jid_908228",
        "jid_908228",
        "jid_908228",
        "jid_908228",
        "jid_908228",
        "jid_908228",
        "jid_908228",
        "jid_908228",
        "jid_908228",
        "jid_908228",
        "jid_908228",
        "jid_908228",
        "jid_908228",
        "jid_908228",
        "jid_908228",
        "jid_908228",
        "jid_908228",
        "jid_908228",
        "jid_908228",
        "jid_908228",
        "jid_908228",
        "jid_908228",
        "jid_908228",
        "jid_908228",
        "jid_908228",
        "jid_908228",
        "jid_908228",
        "jid_908228",
        "jid_908228",
        "jid_908228",
        "jid_908228",
        "jid_908228",
        "jid_908228",
        "jid_908228",
        "jid_908228",
        "jid_908228",
        "jid_908228",
        "jid_908228",
        "jid_908228",
        "jid_908228",
        "jid_908228",
        "jid_908228",
        "jid_908228",
        "jid_908228",
        "jid_908228",
        "jid_908228",
        "jid_908228",
        "jid_908228",
        "jid_908228",
        "jid_908228",
        "jid_908228",
        "jid_908228",
        "jid_908228",
        "jid_908228",
        "jid_908228",
        "jid_908228",
        "jid_908228",
        "jid_908228",
        "jid_908228",
        "jid_908228",
        "jid_908228",
        "jid_908228",
        "jid_908228",
        "jid_908228",
        "jid_908228",
        "jid_908228",
        "jid_908228",
        "jid_908228",
        "jid_908228",
        "jid_908228",
        "jid_908228",
        "jid_908228",
        "jid_908228",
        "jid_908228",
        "jid_908228",
        "jid_908228",
        "jid_908228",
        "jid_908228",
        "jid_908228",
        "jid_908228",
        "jid_908228",
        "jid_908228",
        "jid_908228",
        "jid_908228",
        "jid_908228",
        "jid_908228",
        "jid_908228",
        "jid_908228",
        "jid_908228",
        "jid_908228",
        "jid_908228",
        "jid_908228",
        "jid_908228",
        "jid_908228",
        "jid_908228",
        "jid_908228",
        "jid_908228",
        "jid_908228",
        "jid_908228",
        "jid_908228",
        "jid_908228",
        "jid_908228",
        "jid_908228",
        "jid_908228",
        "jid_908228",
        "jid_908228",
        "jid_908228",
        "jid_908228",
        "jid_908228",
        "jid_908228",
        "jid_908228",
        "jid_908228",
        "jid_908228",
        "jid_908228",
        "jid_908228",
        "jid_908228",
        "jid_908228",
        "jid_908228",
        "jid_908228",
        "jid_908228",
        "jid_908228",
        "jid_908228",
        "jid_908228",
        "jid_908228",
        "jid_908228",
        "jid_908228",
        "jid_908228",
        "jid_908228",
        "jid_908228",
        "jid_908228",
        "jid_908228",
        "jid_908228",
        "jid_908228",
        "jid_908228",
        "jid_908228",
        "jid_908228",
        "jid_908228",
        "jid_908228",
        "jid_908228",
        "jid_908228",
        "jid_908228",
        "jid_908228",
        "jid_908228",
        "jid_908228",
        "jid_908228",
        "jid_908228",
        "jid_908228",
        "jid_908228",
        "jid_908228",
        "jid_908228",
        "jid_908228",
        "jid_908228",
        "jid_908228",
        "jid_908228",
        "jid_908228",
        "jid_908228",
        "jid_908228",
        "jid_908228",
        "jid_908228",
        "jid_908228",
        "jid_908228",
        "jid_908228",
        "jid_908228",
        "jid_908228",
        "jid_908228",
        "jid_908228",
        "jid_908228",
        "jid_908228",
        "jid_908228",
        "jid_908228",
        "jid_908228",
        "jid_908228",
        "jid_908228",
        "jid_908228",
        "jid_908228",
        "jid_908228",
        "jid_908228",
        "jid_908228",
        "jid_908228",
        "jid_908228",
        "jid_908228",
        "jid_908228",
        "jid_908228",
        "jid_908228",
        "jid_908228",
        "jid_908228",
        "jid_908228",
        "jid_908228",
        "jid_908228",
        "jid_908228",
        "jid_908228",
        "jid_908228",
        "jid_908228",
        "jid_908228",
        "jid_908228",
        "jid_908228",
        "jid_908228",
        "jid_908230",
        "jid_908230",
        "jid_908230",
        "jid_908230",
        "jid_908230",
        "jid_908230",
        "jid_908230",
        "jid_908230",
        "jid_908230",
        "jid_908230",
        "jid_908230",
        "jid_908230",
        "jid_908230",
        "jid_908230",
        "jid_908230",
        "jid_908230",
        "jid_908230",
        "jid_908230",
        "jid_908230",
        "jid_908230",
        "jid_908230",
        "jid_908230",
        "jid_908230",
        "jid_908230",
        "jid_908230",
        "jid_908230",
        "jid_908230",
        "jid_908230",
        "jid_908230",
        "jid_908230",
        "jid_908230",
        "jid_908230",
        "jid_908230",
        "jid_908230",
        "jid_908230",
        "jid_908230",
        "jid_908230",
        "jid_908230",
        "jid_908230",
        "jid_908230",
        "jid_908230",
        "jid_908230",
        "jid_908230",
        "jid_908230",
        "jid_908230",
        "jid_908230",
        "jid_908230",
        "jid_908230",
        "jid_908230",
        "jid_908230",
        "jid_908230",
        "jid_908230",
        "jid_908230",
        "jid_908230",
        "jid_908230",
        "jid_908230",
        "jid_908230",
        "jid_908230",
        "jid_908230",
        "jid_908230",
        "jid_908230",
        "jid_908230",
        "jid_908230",
        "jid_908230",
        "jid_908230",
        "jid_908230",
        "jid_908230",
        "jid_908230",
        "jid_908230",
        "jid_908230",
        "jid_908230",
        "jid_908230",
        "jid_908230",
        "jid_908230",
        "jid_908230",
        "jid_908230",
        "jid_908230",
        "jid_908230",
        "jid_908230",
        "jid_908230",
        "jid_908230",
        "jid_908230",
        "jid_908230",
        "jid_908230",
        "jid_908230",
        "jid_908230",
        "jid_908230",
        "jid_908230",
        "jid_908230",
        "jid_908230",
        "jid_908230",
        "jid_908230",
        "jid_908230",
        "jid_908230",
        "jid_908230",
        "jid_908230",
        "jid_908230",
        "jid_908230",
        "jid_908230",
        "jid_908230",
        "jid_908230",
        "jid_908230",
        "jid_908230",
        "jid_908230",
        "jid_908230",
        "jid_908230",
        "jid_908230",
        "jid_908230",
        "jid_908230",
        "jid_908230",
        "jid_908230",
        "jid_908230",
        "jid_908230",
        "jid_908230",
        "jid_908230",
        "jid_908230",
        "jid_908230",
        "jid_908230",
        "jid_908230",
        "jid_908230",
        "jid_908230",
        "jid_908230",
        "jid_908230",
        "jid_908230",
        "jid_908230",
        "jid_908230",
        "jid_908230",
        "jid_908230",
        "jid_908230",
        "jid_908230",
        "jid_908230",
        "jid_908230",
        "jid_908230",
        "jid_908230",
        "jid_908230",
        "jid_908230",
        "jid_908230",
        "jid_908230",
        "jid_908230",
        "jid_908230",
        "jid_908230",
        "jid_908230",
        "jid_908230",
        "jid_908230",
        "jid_908230",
        "jid_908230",
        "jid_908230",
        "jid_908230",
        "jid_908230",
        "jid_908230",
        "jid_908230",
        "jid_908230",
        "jid_908230",
        "jid_908230",
        "jid_908230",
        "jid_908230",
        "jid_908230",
        "jid_908230",
        "jid_908230",
        "jid_908230",
        "jid_908230",
        "jid_908230",
        "jid_908230",
        "jid_908230",
        "jid_908230",
        "jid_908230",
        "jid_908230",
        "jid_908230",
        "jid_908230",
        "jid_908230",
        "jid_908230",
        "jid_908230",
        "jid_908230",
        "jid_908230",
        "jid_908230",
        "jid_908230",
        "jid_908230",
        "jid_908230",
        "jid_908230",
        "jid_908230",
        "jid_908230",
        "jid_908230",
        "jid_908230",
        "jid_908230",
        "jid_908230",
        "jid_908230",
        "jid_908230",
        "jid_908230",
        "jid_908230",
        "jid_908230",
        "jid_908287"
    ],
    "jobs still in queue": [],
    "Jobs <= 5 nodes": 16019,
    "Jobs <= 50 nodes": 4009,
    "Jobs <= 250 nodes": 359,
    "Jobs <= 4500 nodes": 4293,
    "Jobs > 4500 nodes": 32,
    "min job size": 1,
    "max job size": 66431,
    "average job size": 207.00234703787635,
    "min runtime": 0,
    "max runtime": 256763,
    "average runtime": 7121.748705082551,
    "min energy": 0.0,
    "max energy": 180746432786.67145,
    "avg energy": 62184553.76687782,
    "min edp": 0.0,
    "max edp": 5347383213993675.0,
    "avg edp": 1947527400036.5005,
    "min edp^2": 0.0,
    "max edp^2": 1.5820233238600286e+20,
    "avg edp^2": 1.111655353153772e+17,
    "min_aggregate_node_hours": 0,
    "max_aggregate_node_hours": 1424340240,
    "avg_aggregate_node_hours": 380101.31899482035,
    "min_cpu_util": 0.5016223735257008,
    "max_cpu_util": 1.0,
    "avg_cpu_util": 0.8975964862440197,
    "min_gpu_util": 0,
    "max_gpu_util": 0,
    "avg_gpu_util": 0.0,
    "min_ntx_util": 0,
    "max_ntx_util": 0,
    "avg_ntx_util": 0.0,
    "min_nrx_util": 0,
    "max_nrx_util": 0,
    "avg_nrx_util": 0.0,
    "min_wait_time": 0,
    "max_wait_time": 1519613,
    "average_wait_time": 1998.854038523794,
    "min_turnaround_time": 0,
    "max_turnaround_time": 1519637,
    "average_turnaround_time": 9120.602743606345,
    "min_area_weighted_response_time": 0,
    "max_area_weighted_response_time": 85629277569024,
    "area_weighted_avg_response_time": 44792.68596648459,
    "priority_weighted_specific_response_time": 148293.18725051646
}