{
    "num_samples": 8640,
    "average power": "5.58 MW",
    "min loss": "0.77 MW",
    "average loss": "0.87 MW",
    "max loss": "0.91 MW",
    "system power efficiency": "84.36%",
    "total energy consumed": "133.86 MW-hr",
    "carbon emissions": "61.34 metric tons CO2",
    "total cost": "$12582.76"
}{
    "jobs completed": 5016,
    "throughput": "209.00 jobs/hour",
    "jobs still running": [
        "jid_275277",
        "jid_275306",
        "jid_275324",
        "jid_275313",
        "jid_275315",
        "jid_275318",
        "jid_275146",
        "jid_275569",
        "jid_275332",
        "jid_74423",
        "jid_74423",
        "jid_75885",
        "jid_275480",
        "jid_275351",
        "jid_275754",
        "jid_276048",
        "jid_275554",
        "jid_275475",
        "jid_271727",
        "jid_271727",
        "jid_271727",
        "jid_271727",
        "jid_271727",
        "jid_271727",
        "jid_271727",
        "jid_271727",
        "jid_271727",
        "jid_271727",
        "jid_271727",
        "jid_271727",
        "jid_271727",
        "jid_271727",
        "jid_271727",
        "jid_271727",
        "jid_271727",
        "jid_271727",
        "jid_271727",
        "jid_271727",
        "jid_271727",
        "jid_271727",
        "jid_271727",
        "jid_271727",
        "jid_271727",
        "jid_271727",
        "jid_271727",
        "jid_271727",
        "jid_271727",
        "jid_271727",
        "jid_271727",
        "jid_271727",
        "jid_271727",
        "jid_271727",
        "jid_271727",
        "jid_271727",
        "jid_271727",
        "jid_271727",
        "jid_271727",
        "jid_271727",
        "jid_271727",
        "jid_271727",
        "jid_275456",
        "jid_275418",
        "jid_275418",
        "jid_275450",
        "jid_275325",
        "jid_275513",
        "jid_275552",
        "jid_275415",
        "jid_275409",
        "jid_275409",
        "jid_275433",
        "jid_275433",
        "jid_275748",
        "jid_275748",
        "jid_275748",
        "jid_275538",
        "jid_275931",
        "jid_275918",
        "jid_277370",
        "jid_275920",
        "jid_272016",
        "jid_276900",
        "jid_277263",
        "jid_277320",
        "jid_275528",
        "jid_278053",
        "jid_275888",
        "jid_275507",
        "jid_275420",
        "jid_275562",
        "jid_275713",
        "jid_275501",
        "jid_276197",
        "jid_275613",
        "jid_276193",
        "jid_275459",
        "jid_275362",
        "jid_74917",
        "jid_74917",
        "jid_75743",
        "jid_75743",
        "jid_75743",
        "jid_275148",
        "jid_75743",
        "jid_75675",
        "jid_275074",
        "jid_74968",
        "jid_275074",
        "jid_74968",
        "jid_74968",
        "jid_75059",
        "jid_75059",
        "jid_75059",
        "jid_275049",
        "jid_275127",
        "jid_275127",
        "jid_275127",
        "jid_275127",
        "jid_74908",
        "jid_74908",
        "jid_275058",
        "jid_275058",
        "jid_71555",
        "jid_275058",
        "jid_275058",
        "jid_275058",
        "jid_81653",
        "jid_275176",
        "jid_275176",
        "jid_74316",
        "jid_274901",
        "jid_275939",
        "jid_275761",
        "jid_275624",
        "jid_276185",
        "jid_279584",
        "jid_275077",
        "jid_274108",
        "jid_276204",
        "jid_77881",
        "jid_276561",
        "jid_276928",
        "jid_71246",
        "jid_78875",
        "jid_277086",
        "jid_77838",
        "jid_77838",
        "jid_272302",
        "jid_275642",
        "jid_275642",
        "jid_275642",
        "jid_275642",
        "jid_272189",
        "jid_272189",
        "jid_272191",
        "jid_272191",
        "jid_275567",
        "jid_275283",
        "jid_272432"
    ],
    "jobs still in queue": [
        "jid_268622"
    ],
    "Jobs <= 5 nodes": 3466,
    "Jobs <= 50 nodes": 1191,
    "Jobs <= 250 nodes": 123,
    "Jobs > 250 nodes": 236,
    "min job size": 1,
    "max job size": 27648,
    "average job size": 191.2402312599681,
    "min runtime": 0,
    "max runtime": 40997,
    "average runtime": 1246.406100478469,
    "min energy": 0.0,
    "max energy": 18839572897.959312,
    "avg energy": 43368776.61803053,
    "min edp": 0.0,
    "max edp": 204793194905443.56,
    "avg edp": 612769290444.2952,
    "min edp^2": 0.0,
    "max edp^2": 4.531939826954795e+18,
    "avg edp^2": 1.2211591036390968e+16,
    "min_aggregate_node_hours": 0,
    "max_aggregate_node_hours": 106741760,
    "avg_aggregate_node_hours": 256325.14553429026,
    "min_wait_time": 0,
    "max_wait_time": 19383,
    "average_wait_time": 95.08133971291866,
    "min_turnaround_time": 0,
    "max_turnaround_time": 40997,
    "average_turnaround_time": 1341.4874401913876,
    "min_area_weighted_response_time": 0,
    "max_area_weighted_response_time": 1360638263296,
    "area_weighted_avg_response_time": 14674.364503690531,
    "priority_weighted_specific_response_time": 17810.31488253793
}