{
    "num_samples": 60480,
    "average power": "4.39 MW",
    "min loss": "0.63 MW",
    "average loss": "0.73 MW",
    "max loss": "0.78 MW",
    "system power efficiency": "83.28%",
    "total energy consumed": "738.27 MW-hr",
    "carbon emissions": "342.72 metric tons CO2",
    "total cost": "$69397.30"
}{
    "jobs completed": 4477,
    "throughput": "26.65 jobs/hour",
    "jobs still running": [
        "jid_723736",
        "jid_723592",
        "jid_723374",
        "jid_723492",
        "jid_722929",
        "jid_722839",
        "jid_722941",
        "jid_722984",
        "jid_723408",
        "jid_723408",
        "jid_723408",
        "jid_723408",
        "jid_723408",
        "jid_723408",
        "jid_723408",
        "jid_723408",
        "jid_723408",
        "jid_723408",
        "jid_723408",
        "jid_723408",
        "jid_723408",
        "jid_723408",
        "jid_723408",
        "jid_723408",
        "jid_723408",
        "jid_723408",
        "jid_723408",
        "jid_723408",
        "jid_723408",
        "jid_723408",
        "jid_723408",
        "jid_723408",
        "jid_723408",
        "jid_723408",
        "jid_723408",
        "jid_723408",
        "jid_723408",
        "jid_723408",
        "jid_723408",
        "jid_723408",
        "jid_723408",
        "jid_723408",
        "jid_723408",
        "jid_723408",
        "jid_723408",
        "jid_723408",
        "jid_723408",
        "jid_723408",
        "jid_723408",
        "jid_723408",
        "jid_723408",
        "jid_723408",
        "jid_723408",
        "jid_723408",
        "jid_723408",
        "jid_723408",
        "jid_723408",
        "jid_723408",
        "jid_723408",
        "jid_723408",
        "jid_723408",
        "jid_723408",
        "jid_723408",
        "jid_723408",
        "jid_723408",
        "jid_723408",
        "jid_723408",
        "jid_723408",
        "jid_723408",
        "jid_723408",
        "jid_723408",
        "jid_723408",
        "jid_723408",
        "jid_723408",
        "jid_723817",
        "jid_723821",
        "jid_723491",
        "jid_723424",
        "jid_723424",
        "jid_723016",
        "jid_723179",
        "jid_696685",
        "jid_696685",
        "jid_724007",
        "jid_723508",
        "jid_723772",
        "jid_723780",
        "jid_723791",
        "jid_724116",
        "jid_723964",
        "jid_724453",
        "jid_724043",
        "jid_723952",
        "jid_724509",
        "jid_722797",
        "jid_722798",
        "jid_721118",
        "jid_723989",
        "jid_724001",
        "jid_723824",
        "jid_723832",
        "jid_723963",
        "jid_723609",
        "jid_723640",
        "jid_723543",
        "jid_723658",
        "jid_723539",
        "jid_723694",
        "jid_723785",
        "jid_723563",
        "jid_723616",
        "jid_723554",
        "jid_723525",
        "jid_723608",
        "jid_723515",
        "jid_723692",
        "jid_723597",
        "jid_723671",
        "jid_723651",
        "jid_723679",
        "jid_723570",
        "jid_723704",
        "jid_723683",
        "jid_723690",
        "jid_723645",
        "jid_723696",
        "jid_723655",
        "jid_724012",
        "jid_724012",
        "jid_724012",
        "jid_723840",
        "jid_723848",
        "jid_723827",
        "jid_723829",
        "jid_723998",
        "jid_724006",
        "jid_723987",
        "jid_723897",
        "jid_723945",
        "jid_723875",
        "jid_723858",
        "jid_723941",
        "jid_723901",
        "jid_723854",
        "jid_723895",
        "jid_723853",
        "jid_723867",
        "jid_723939",
        "jid_723868",
        "jid_723911",
        "jid_723910",
        "jid_723921",
        "jid_723924",
        "jid_723890",
        "jid_723881"
    ],
    "jobs still in queue": [],
    "Jobs <= 5 nodes": 1937,
    "Jobs <= 50 nodes": 1824,
    "Jobs <= 250 nodes": 394,
    "Jobs <= 4500 nodes": 304,
    "Jobs > 4500 nodes": 18,
    "min job size": 1,
    "max job size": 27648,
    "average job size": 111.25954880500335,
    "min runtime": 0,
    "max runtime": 205442,
    "average runtime": 8550.589233861961,
    "min energy": 0,
    "max energy": 57429277714.28027,
    "avg energy": 152045142.06419462,
    "min edp": 0,
    "max edp": 2220640681569509.2,
    "avg edp": 5617202317635.458,
    "min edp^2": 0,
    "max edp^2": 1.650913108306036e+20,
    "avg edp^2": 3.501065281535408e+17,
    "min_aggregate_node_hours": 0,
    "max_aggregate_node_hours": 325330560,
    "avg_aggregate_node_hours": 946890.2314049586,
    "min_cpu_util": 0.5079307789829941,
    "max_cpu_util": 1.0,
    "avg_cpu_util": 0.9134254660891132,
    "min_gpu_util": 0,
    "max_gpu_util": 0,
    "avg_gpu_util": 0.0,
    "min_ntx_util": 0,
    "max_ntx_util": 0,
    "avg_ntx_util": 0.0,
    "min_nrx_util": 0,
    "max_nrx_util": 0,
    "avg_nrx_util": 0.0,
    "min_wait_time": 0,
    "max_wait_time": 816921,
    "average_wait_time": 6644.567344203708,
    "min_turnaround_time": 0,
    "max_turnaround_time": 816941,
    "average_turnaround_time": 15195.15657806567,
    "min_area_weighted_response_time": 0,
    "max_area_weighted_response_time": 23899003084800,
    "area_weighted_avg_response_time": 54106.91623361226,
    "priority_weighted_specific_response_time": 196729.82183184262
}