{
    "num_samples": 60480,
    "average power": "4.45 MW",
    "min loss": "0.63 MW",
    "average loss": "0.74 MW",
    "max loss": "0.78 MW",
    "system power efficiency": "83.43%",
    "total energy consumed": "748.32 MW-hr",
    "carbon emissions": "346.78 metric tons CO2",
    "total cost": "$70342.47"
}{
    "jobs completed": 4584,
    "throughput": "27.29 jobs/hour",
    "jobs still running": [
        "jid_723989",
        "jid_724001",
        "jid_723824",
        "jid_723832",
        "jid_723963",
        "jid_723785",
        "jid_724007",
        "jid_723780",
        "jid_723791",
        "jid_723964",
        "jid_722929",
        "jid_722839",
        "jid_722941",
        "jid_722984",
        "jid_724453",
        "jid_724509",
        "jid_724043",
        "jid_723952",
        "jid_724012",
        "jid_724012",
        "jid_724012",
        "jid_723840",
        "jid_723848",
        "jid_723827",
        "jid_723829",
        "jid_723998",
        "jid_724006",
        "jid_723987",
        "jid_723897",
        "jid_723945",
        "jid_723875",
        "jid_723858",
        "jid_723901",
        "jid_723941",
        "jid_723854",
        "jid_723895",
        "jid_723853",
        "jid_723867",
        "jid_723911",
        "jid_723910",
        "jid_723939",
        "jid_723868",
        "jid_723921",
        "jid_723924",
        "jid_723881",
        "jid_723890"
    ],
    "jobs still in queue": [
        "jid_718192",
        "jid_717807"
    ],
    "Jobs <= 5 nodes": 1962,
    "Jobs <= 50 nodes": 1899,
    "Jobs <= 250 nodes": 398,
    "Jobs <= 4500 nodes": 309,
    "Jobs > 4500 nodes": 16,
    "min job size": 1,
    "max job size": 26215,
    "average job size": 98.36234729493891,
    "min runtime": 0,
    "max runtime": 205442,
    "average runtime": 9771.51352530541,
    "min energy": 0,
    "max energy": 57429277714.28027,
    "avg energy": 150743023.91646555,
    "min edp": 0,
    "max edp": 2220640681569509.2,
    "avg edp": 5899431273285.134,
    "min edp^2": 0,
    "max edp^2": 1.650913108306036e+20,
    "avg edp^2": 3.744971630059725e+17,
    "min_aggregate_node_hours": 0,
    "max_aggregate_node_hours": 325330560,
    "avg_aggregate_node_hours": 931039.5641361256,
    "min_cpu_util": 0.5079307789829941,
    "max_cpu_util": 1.0,
    "avg_cpu_util": 0.9155035079099108,
    "min_gpu_util": 0,
    "max_gpu_util": 0,
    "avg_gpu_util": 0.0,
    "min_ntx_util": 0,
    "max_ntx_util": 0,
    "avg_ntx_util": 0.0,
    "min_nrx_util": 0,
    "max_nrx_util": 0,
    "avg_nrx_util": 0.0,
    "min_wait_time": 0,
    "max_wait_time": 816921,
    "average_wait_time": 4053.357329842932,
    "min_turnaround_time": 0,
    "max_turnaround_time": 816941,
    "average_turnaround_time": 13824.870855148341,
    "min_area_weighted_response_time": 0,
    "max_area_weighted_response_time": 12969302774400,
    "area_weighted_avg_response_time": 41534.45383987308,
    "priority_weighted_specific_response_time": 227537.66958350592
}