{
    "num_samples": 60480,
    "average power": "1.51 MW",
    "min loss": "0.28 MW",
    "average loss": "0.32 MW",
    "max loss": "0.33 MW",
    "system power efficiency": "79.00%",
    "total energy consumed": "253.34 MW-hr",
    "carbon emissions": "123.98 metric tons CO2",
    "total cost": "$23813.85"
}{
    "jobs completed": 6088,
    "throughput": "36.24 jobs/hour",
    "jobs still running": [
        "jid_701322",
        "jid_700350",
        "jid_703392",
        "jid_700308",
        "jid_700306",
        "jid_700677",
        "jid_700679",
        "jid_698676",
        "jid_698676",
        "jid_700938",
        "jid_700710",
        "jid_700533",
        "jid_700283",
        "jid_700291",
        "jid_700281",
        "jid_700237",
        "jid_700287",
        "jid_700276",
        "jid_700247",
        "jid_700246",
        "jid_700280",
        "jid_700239",
        "jid_700682",
        "jid_700329",
        "jid_700329",
        "jid_700329",
        "jid_700329",
        "jid_700329",
        "jid_700329",
        "jid_700329",
        "jid_700329",
        "jid_700329",
        "jid_700329",
        "jid_700329",
        "jid_700329",
        "jid_700329",
        "jid_700329",
        "jid_700329",
        "jid_700329",
        "jid_700329",
        "jid_700329",
        "jid_700329",
        "jid_700329",
        "jid_700329",
        "jid_700329",
        "jid_700329",
        "jid_700329",
        "jid_700329",
        "jid_700329",
        "jid_700329",
        "jid_700329",
        "jid_700329",
        "jid_700329",
        "jid_700329",
        "jid_700329",
        "jid_700329",
        "jid_700329",
        "jid_700329",
        "jid_700329",
        "jid_700329",
        "jid_700329",
        "jid_700329",
        "jid_700329",
        "jid_700329",
        "jid_700329",
        "jid_700329",
        "jid_700329",
        "jid_700329",
        "jid_700329",
        "jid_700329",
        "jid_700329",
        "jid_700329",
        "jid_700329",
        "jid_700329",
        "jid_700329",
        "jid_700329",
        "jid_700329",
        "jid_700329",
        "jid_700329",
        "jid_700329",
        "jid_700329",
        "jid_700329",
        "jid_700329",
        "jid_700329",
        "jid_700329",
        "jid_700329",
        "jid_700329",
        "jid_700329",
        "jid_700329",
        "jid_700329",
        "jid_700329",
        "jid_700329",
        "jid_700329",
        "jid_700329",
        "jid_700329",
        "jid_700329",
        "jid_700329",
        "jid_700329",
        "jid_700329",
        "jid_700329",
        "jid_700329",
        "jid_700329",
        "jid_700329",
        "jid_700329",
        "jid_700329",
        "jid_700329",
        "jid_700329",
        "jid_700329",
        "jid_700329",
        "jid_700329",
        "jid_698499",
        "jid_696738",
        "jid_696738",
        "jid_683763",
        "jid_694133"
    ],
    "jobs still in queue": [],
    "Jobs <= 5 nodes": 4050,
    "Jobs <= 50 nodes": 1310,
    "Jobs <= 250 nodes": 462,
    "Jobs <= 4500 nodes": 262,
    "Jobs > 4500 nodes": 4,
    "min job size": 1,
    "max job size": 8191,
    "average job size": 58.40013140604468,
    "min runtime": 0,
    "max runtime": 253218,
    "average runtime": 4134.328350854139,
    "min energy": 0.0,
    "max energy": 13993201033.233534,
    "avg energy": 53176193.5672565,
    "min edp": 0.0,
    "max edp": 1854167731375313.5,
    "avg edp": 1960329078653.976,
    "min edp^2": 0.0,
    "max edp^2": 3.76308903585814e+20,
    "avg edp^2": 1.7208126955380925e+17,
    "min_aggregate_node_hours": 0,
    "max_aggregate_node_hours": 113337350,
    "avg_aggregate_node_hours": 333634.93249014457,
    "min_cpu_util": 0.5080180358387748,
    "max_cpu_util": 1.0,
    "avg_cpu_util": 0.8974920168281892,
    "min_gpu_util": 0,
    "max_gpu_util": 0,
    "avg_gpu_util": 0.0,
    "min_ntx_util": 0,
    "max_ntx_util": 0,
    "avg_ntx_util": 0.0,
    "min_nrx_util": 0,
    "max_nrx_util": 0,
    "avg_nrx_util": 0.0,
    "min_wait_time": 0,
    "max_wait_time": 220397,
    "average_wait_time": 1606.2324244415242,
    "min_turnaround_time": 0,
    "max_turnaround_time": 263101,
    "average_turnaround_time": 5740.560775295664,
    "min_area_weighted_response_time": 0,
    "max_area_weighted_response_time": 13325865600950,
    "area_weighted_avg_response_time": 42583.714207451,
    "priority_weighted_specific_response_time": 123476.72268689462
}