{
    "num_samples": 4320,
    "average power": "24.40 MW",
    "min loss": "2.84 MW",
    "average loss": "3.74 MW",
    "max loss": "4.04 MW",
    "system power efficiency": "84.67%",
    "total energy consumed": "292.81 MW-hr",
    "carbon emissions": "133.70 metric tons CO2",
    "total cost": "$27524.04"
}{
    "jobs completed": 30500,
    "throughput": "2541.67 jobs/hour",
    "jobs still running": [
        "jid_917300",
        "jid_908484",
        "jid_921007",
        "jid_910310",
        "jid_910310",
        "jid_910310",
        "jid_910310",
        "jid_910310",
        "jid_909263",
        "jid_909263",
        "jid_909263",
        "jid_909263",
        "jid_811881",
        "jid_811881",
        "jid_811881",
        "jid_874942",
        "jid_874942",
        "jid_811951",
        "jid_811951",
        "jid_849496",
        "jid_849496",
        "jid_849496",
        "jid_848711",
        "jid_848711",
        "jid_844814",
        "jid_844814",
        "jid_844814",
        "jid_844814",
        "jid_875585",
        "jid_875585",
        "jid_875585",
        "jid_875585",
        "jid_908803",
        "jid_876639",
        "jid_876639",
        "jid_876639",
        "jid_876639",
        "jid_876639",
        "jid_908037",
        "jid_908037",
        "jid_847436",
        "jid_847436",
        "jid_908417",
        "jid_908417",
        "jid_872161",
        "jid_872161",
        "jid_872161",
        "jid_873913",
        "jid_873913",
        "jid_873913",
        "jid_873913",
        "jid_878439",
        "jid_920404",
        "jid_911421",
        "jid_908363",
        "jid_908362",
        "jid_908366",
        "jid_908050",
        "jid_908050",
        "jid_908050",
        "jid_908050",
        "jid_908050",
        "jid_908050",
        "jid_908050",
        "jid_908050",
        "jid_906407",
        "jid_908149",
        "jid_908149",
        "jid_908149",
        "jid_908149",
        "jid_908251",
        "jid_908251",
        "jid_908251",
        "jid_908251",
        "jid_908251",
        "jid_908149",
        "jid_908149",
        "jid_908149",
        "jid_908251",
        "jid_908251",
        "jid_908251",
        "jid_908251",
        "jid_915664",
        "jid_898079",
        "jid_909310",
        "jid_908225",
        "jid_916894",
        "jid_908788",
        "jid_909559",
        "jid_910805",
        "jid_910755",
        "jid_877888",
        "jid_916224",
        "jid_916153",
        "jid_921515",
        "jid_908204",
        "jid_912215",
        "jid_916771",
        "jid_909269",
        "jid_909273",
        "jid_909270",
        "jid_909291",
        "jid_908157",
        "jid_909586",
        "jid_909215",
        "jid_908348",
        "jid_909368",
        "jid_878439",
        "jid_877873",
        "jid_908246",
        "jid_908965",
        "jid_908943",
        "jid_909013",
        "jid_909332",
        "jid_917037",
        "jid_909539",
        "jid_909436",
        "jid_908626",
        "jid_917347",
        "jid_912146",
        "jid_936721",
        "jid_927439",
        "jid_905318",
        "jid_905318",
        "jid_905318",
        "jid_905318",
        "jid_905318",
        "jid_905318",
        "jid_905318",
        "jid_905318",
        "jid_905318",
        "jid_905318",
        "jid_905318",
        "jid_905318",
        "jid_905318",
        "jid_905318",
        "jid_905318",
        "jid_905318",
        "jid_905318",
        "jid_905318",
        "jid_905318",
        "jid_905318",
        "jid_905318",
        "jid_905318",
        "jid_905318",
        "jid_905318",
        "jid_905318",
        "jid_905318",
        "jid_905318",
        "jid_905318",
        "jid_905318",
        "jid_905318",
        "jid_905318",
        "jid_905318",
        "jid_905318",
        "jid_905318",
        "jid_905318",
        "jid_905318",
        "jid_905318",
        "jid_905318",
        "jid_905318",
        "jid_905318",
        "jid_905318",
        "jid_905318",
        "jid_905318",
        "jid_905318",
        "jid_905318",
        "jid_905318",
        "jid_905318",
        "jid_905318",
        "jid_905318",
        "jid_905318",
        "jid_905318",
        "jid_905318",
        "jid_905318",
        "jid_905318",
        "jid_905318",
        "jid_905318",
        "jid_905318",
        "jid_905318",
        "jid_905318",
        "jid_905318",
        "jid_905318",
        "jid_905318",
        "jid_905318",
        "jid_905318",
        "jid_905318",
        "jid_905318",
        "jid_905318",
        "jid_905318",
        "jid_905318",
        "jid_905318",
        "jid_905318",
        "jid_905318",
        "jid_905318",
        "jid_905318",
        "jid_905318",
        "jid_905318",
        "jid_905318",
        "jid_905318",
        "jid_905318",
        "jid_905318",
        "jid_905318",
        "jid_905318",
        "jid_905318",
        "jid_905318",
        "jid_905318",
        "jid_905318",
        "jid_905318",
        "jid_905318",
        "jid_905318",
        "jid_905318",
        "jid_905318",
        "jid_905318",
        "jid_905318",
        "jid_905318",
        "jid_905318",
        "jid_905318",
        "jid_905318",
        "jid_905318",
        "jid_905318",
        "jid_908227",
        "jid_908236",
        "jid_908238",
        "jid_908241",
        "jid_908229",
        "jid_908231",
        "jid_908232",
        "jid_908233",
        "jid_908234",
        "jid_908240",
        "jid_908156",
        "jid_908158",
        "jid_908160",
        "jid_908164",
        "jid_908166",
        "jid_908165",
        "jid_908168",
        "jid_908179",
        "jid_908182",
        "jid_908196",
        "jid_908201",
        "jid_908172",
        "jid_908174",
        "jid_908177",
        "jid_908181",
        "jid_908184",
        "jid_908188",
        "jid_908195",
        "jid_908190",
        "jid_908145",
        "jid_908141",
        "jid_905286",
        "jid_905286",
        "jid_905286",
        "jid_905286",
        "jid_905286",
        "jid_905286",
        "jid_905286",
        "jid_905286",
        "jid_905286",
        "jid_905286",
        "jid_905286",
        "jid_905286",
        "jid_905286",
        "jid_905286",
        "jid_905286",
        "jid_905286",
        "jid_905286",
        "jid_905286",
        "jid_905286",
        "jid_905286",
        "jid_905286",
        "jid_905286",
        "jid_905286",
        "jid_905286",
        "jid_905286",
        "jid_905286",
        "jid_905286",
        "jid_905286",
        "jid_905286",
        "jid_905286",
        "jid_905286",
        "jid_905286",
        "jid_905286",
        "jid_905286",
        "jid_905286",
        "jid_905286",
        "jid_905286",
        "jid_905286",
        "jid_905286",
        "jid_905286",
        "jid_905286",
        "jid_905286",
        "jid_905286",
        "jid_905286",
        "jid_905286",
        "jid_905286",
        "jid_905286",
        "jid_905286",
        "jid_905286",
        "jid_905286",
        "jid_905286",
        "jid_905286",
        "jid_905286",
        "jid_905286",
        "jid_905286",
        "jid_905286",
        "jid_905286",
        "jid_905286",
        "jid_905286",
        "jid_905286",
        "jid_905286",
        "jid_905286",
        "jid_905286",
        "jid_905286",
        "jid_905286",
        "jid_905286",
        "jid_905286",
        "jid_905286",
        "jid_905286",
        "jid_905286",
        "jid_905286",
        "jid_905286",
        "jid_905286",
        "jid_905286",
        "jid_905286",
        "jid_905286",
        "jid_905286",
        "jid_905286",
        "jid_905286",
        "jid_905286",
        "jid_905286",
        "jid_905286",
        "jid_905286",
        "jid_905286",
        "jid_905286",
        "jid_905286",
        "jid_905286",
        "jid_905286",
        "jid_905286",
        "jid_905286",
        "jid_905286",
        "jid_905286",
        "jid_905286",
        "jid_905286",
        "jid_905286",
        "jid_905286",
        "jid_905286",
        "jid_905286",
        "jid_905286",
        "jid_905286",
        "jid_905286",
        "jid_905286",
        "jid_905286",
        "jid_905286",
        "jid_905286",
        "jid_905286",
        "jid_905286",
        "jid_905286",
        "jid_905286",
        "jid_905286",
        "jid_905286",
        "jid_905286",
        "jid_905286",
        "jid_905286",
        "jid_905286",
        "jid_905286",
        "jid_905286",
        "jid_905286",
        "jid_905286",
        "jid_905286",
        "jid_905286",
        "jid_905286",
        "jid_905286",
        "jid_905286",
        "jid_905286",
        "jid_905286",
        "jid_905286",
        "jid_905286",
        "jid_905286",
        "jid_905286",
        "jid_905286",
        "jid_905286",
        "jid_905286",
        "jid_905286",
        "jid_905286",
        "jid_905286",
        "jid_905286",
        "jid_905286",
        "jid_905286",
        "jid_905286",
        "jid_905286",
        "jid_905286",
        "jid_905286",
        "jid_905286",
        "jid_905286",
        "jid_905286",
        "jid_905286",
        "jid_905286",
        "jid_905286",
        "jid_905286",
        "jid_905286",
        "jid_905286",
        "jid_905286",
        "jid_905286",
        "jid_905286",
        "jid_905286",
        "jid_905286",
        "jid_905286",
        "jid_905286",
        "jid_905286",
        "jid_905286",
        "jid_905286",
        "jid_905286",
        "jid_905286",
        "jid_905286",
        "jid_905286",
        "jid_905286",
        "jid_905286",
        "jid_905286",
        "jid_905286",
        "jid_905286",
        "jid_905286",
        "jid_905286",
        "jid_905286",
        "jid_905286",
        "jid_905286",
        "jid_905286",
        "jid_905286",
        "jid_905286",
        "jid_905286",
        "jid_905286",
        "jid_905286",
        "jid_905286",
        "jid_905286",
        "jid_905286",
        "jid_905286",
        "jid_905286",
        "jid_905286",
        "jid_905286",
        "jid_905286",
        "jid_905286",
        "jid_905286",
        "jid_905286",
        "jid_905286",
        "jid_905286",
        "jid_905286",
        "jid_905286",
        "jid_905286",
        "jid_905286",
        "jid_905286",
        "jid_905286",
        "jid_905286",
        "jid_905286",
        "jid_905286",
        "jid_905286",
        "jid_905286",
        "jid_905286",
        "jid_905286",
        "jid_905286",
        "jid_905286",
        "jid_905286",
        "jid_905286",
        "jid_905286",
        "jid_905286",
        "jid_905286",
        "jid_905286",
        "jid_905286",
        "jid_905286",
        "jid_905286",
        "jid_905286",
        "jid_905286",
        "jid_905286",
        "jid_905286",
        "jid_905286",
        "jid_905286",
        "jid_905286",
        "jid_905286",
        "jid_905286",
        "jid_905286",
        "jid_905286",
        "jid_905286",
        "jid_905286",
        "jid_905286",
        "jid_905286",
        "jid_905286",
        "jid_905286",
        "jid_905286",
        "jid_905286",
        "jid_905286",
        "jid_905286",
        "jid_905286",
        "jid_905286",
        "jid_905286",
        "jid_905286",
        "jid_905286",
        "jid_905286",
        "jid_905286",
        "jid_905286",
        "jid_905286",
        "jid_905286",
        "jid_905286",
        "jid_905286",
        "jid_905286",
        "jid_905286",
        "jid_905286",
        "jid_905286",
        "jid_905286",
        "jid_905286",
        "jid_905286",
        "jid_905286",
        "jid_905286",
        "jid_905286",
        "jid_905286",
        "jid_905286",
        "jid_905286",
        "jid_905286",
        "jid_905286",
        "jid_905286",
        "jid_905286",
        "jid_905286",
        "jid_905286",
        "jid_905286",
        "jid_905286",
        "jid_905286",
        "jid_905286",
        "jid_905286",
        "jid_905286",
        "jid_905286",
        "jid_905286",
        "jid_905286",
        "jid_905286",
        "jid_905286",
        "jid_905286",
        "jid_905286",
        "jid_905286",
        "jid_905286",
        "jid_905286",
        "jid_905286",
        "jid_905286",
        "jid_905286",
        "jid_905286",
        "jid_905286",
        "jid_905286",
        "jid_905286",
        "jid_905286",
        "jid_905286",
        "jid_905286",
        "jid_905286",
        "jid_905286",
        "jid_905286",
        "jid_905286",
        "jid_905286",
        "jid_905286",
        "jid_905286",
        "jid_905286",
        "jid_905286",
        "jid_905286",
        "jid_905286",
        "jid_905286",
        "jid_905286",
        "jid_905286",
        "jid_905286",
        "jid_905286",
        "jid_905286",
        "jid_905286",
        "jid_905286",
        "jid_905286",
        "jid_905286",
        "jid_905286",
        "jid_905286",
        "jid_905286",
        "jid_905286",
        "jid_905286",
        "jid_905286",
        "jid_905286",
        "jid_905286",
        "jid_905286",
        "jid_905286",
        "jid_905286",
        "jid_905286",
        "jid_905286",
        "jid_905286",
        "jid_905286",
        "jid_905286",
        "jid_905286",
        "jid_905286",
        "jid_905286",
        "jid_905286",
        "jid_905286",
        "jid_905286",
        "jid_905286",
        "jid_905286",
        "jid_905286",
        "jid_905286",
        "jid_905286",
        "jid_905286",
        "jid_905286",
        "jid_905286",
        "jid_905286",
        "jid_905286",
        "jid_905286",
        "jid_905286",
        "jid_905286",
        "jid_905286",
        "jid_905286",
        "jid_905286",
        "jid_905286",
        "jid_905286",
        "jid_905286",
        "jid_905286",
        "jid_905286",
        "jid_905286",
        "jid_905286",
        "jid_905286",
        "jid_905286",
        "jid_905286",
        "jid_905286",
        "jid_905286",
        "jid_905286",
        "jid_905286",
        "jid_905286",
        "jid_905286",
        "jid_905286",
        "jid_905286",
        "jid_905286",
        "jid_905286",
        "jid_905286",
        "jid_905286",
        "jid_905286",
        "jid_905286",
        "jid_905286",
        "jid_905286",
        "jid_905286",
        "jid_905286",
        "jid_905286",
        "jid_905286",
        "jid_905286",
        "jid_905286",
        "jid_905286",
        "jid_905286",
        "jid_905286",
        "jid_905286",
        "jid_905286",
        "jid_905286",
        "jid_905286",
        "jid_905286",
        "jid_905286",
        "jid_905286",
        "jid_905286",
        "jid_905286",
        "jid_905286",
        "jid_905286",
        "jid_905286",
        "jid_905286",
        "jid_905286",
        "jid_905286",
        "jid_905286",
        "jid_905286",
        "jid_905286",
        "jid_905286",
        "jid_905286",
        "jid_905286",
        "jid_905286",
        "jid_905286",
        "jid_905286",
        "jid_905286",
        "jid_905286",
        "jid_905286",
        "jid_905286",
        "jid_905286",
        "jid_905286",
        "jid_905286",
        "jid_905286",
        "jid_905286",
        "jid_905286",
        "jid_905286",
        "jid_905286",
        "jid_905286",
        "jid_905286",
        "jid_905286",
        "jid_905286",
        "jid_905286",
        "jid_905286",
        "jid_905286",
        "jid_905286",
        "jid_905286",
        "jid_905286",
        "jid_905286",
        "jid_905286",
        "jid_905286",
        "jid_905286",
        "jid_905286",
        "jid_905286",
        "jid_905286",
        "jid_905286",
        "jid_905286",
        "jid_905286",
        "jid_905286",
        "jid_905286",
        "jid_905286",
        "jid_905286",
        "jid_905286",
        "jid_905286",
        "jid_905286",
        "jid_905286",
        "jid_905286",
        "jid_905286",
        "jid_905286",
        "jid_905286",
        "jid_905286",
        "jid_905286",
        "jid_905286",
        "jid_905286",
        "jid_905286",
        "jid_905286",
        "jid_905286",
        "jid_905286",
        "jid_905286",
        "jid_905286",
        "jid_905286",
        "jid_905286",
        "jid_905286",
        "jid_905286",
        "jid_905286",
        "jid_905286",
        "jid_905286",
        "jid_905286",
        "jid_905286",
        "jid_905286",
        "jid_905286",
        "jid_905286",
        "jid_905286",
        "jid_905286",
        "jid_905286",
        "jid_905286",
        "jid_905286",
        "jid_905286",
        "jid_905286",
        "jid_905286",
        "jid_905286",
        "jid_905286",
        "jid_905286",
        "jid_905286",
        "jid_905286",
        "jid_905286",
        "jid_905286",
        "jid_905286",
        "jid_905286",
        "jid_905286",
        "jid_905286",
        "jid_905286",
        "jid_905286",
        "jid_905286",
        "jid_905286",
        "jid_905286",
        "jid_905286",
        "jid_905286",
        "jid_905286",
        "jid_905286",
        "jid_905286",
        "jid_905286",
        "jid_905286",
        "jid_905286",
        "jid_905286",
        "jid_905286",
        "jid_905286",
        "jid_905286",
        "jid_905286",
        "jid_905286",
        "jid_905286",
        "jid_905286",
        "jid_905286",
        "jid_905286",
        "jid_905286",
        "jid_905286",
        "jid_905286",
        "jid_905286",
        "jid_905286",
        "jid_905286",
        "jid_905286",
        "jid_905286",
        "jid_905286",
        "jid_905286",
        "jid_905286",
        "jid_905286",
        "jid_905286",
        "jid_905286",
        "jid_905286",
        "jid_905286",
        "jid_905286",
        "jid_905286",
        "jid_905286",
        "jid_905286",
        "jid_905286",
        "jid_905286",
        "jid_905286",
        "jid_905286",
        "jid_905286",
        "jid_905286",
        "jid_905286",
        "jid_905286",
        "jid_905286",
        "jid_905286",
        "jid_905286",
        "jid_905286",
        "jid_905286",
        "jid_905286",
        "jid_905286",
        "jid_905286",
        "jid_905286",
        "jid_905286",
        "jid_905286",
        "jid_905286",
        "jid_905286",
        "jid_905286",
        "jid_905286",
        "jid_905286",
        "jid_905286",
        "jid_905286",
        "jid_905286",
        "jid_905286",
        "jid_905286",
        "jid_905286",
        "jid_905286",
        "jid_905286",
        "jid_905286",
        "jid_905286",
        "jid_905286",
        "jid_905286",
        "jid_905286",
        "jid_905286",
        "jid_905286",
        "jid_905286",
        "jid_905286",
        "jid_905286",
        "jid_905286",
        "jid_905286",
        "jid_905286",
        "jid_905286",
        "jid_905286",
        "jid_905286",
        "jid_905286",
        "jid_905286",
        "jid_905286",
        "jid_905286",
        "jid_905286",
        "jid_905286",
        "jid_905286",
        "jid_905286",
        "jid_905286",
        "jid_905286",
        "jid_905286",
        "jid_905286",
        "jid_905286",
        "jid_905286",
        "jid_905286",
        "jid_905286",
        "jid_905286",
        "jid_905286",
        "jid_905286",
        "jid_905286",
        "jid_905286",
        "jid_905286",
        "jid_905286",
        "jid_905286",
        "jid_905286",
        "jid_905286",
        "jid_905286",
        "jid_905286",
        "jid_905286",
        "jid_905286",
        "jid_905286",
        "jid_905286",
        "jid_905286",
        "jid_905286",
        "jid_905286",
        "jid_905286",
        "jid_905286",
        "jid_905286",
        "jid_905286",
        "jid_905286",
        "jid_905286",
        "jid_905286",
        "jid_905286",
        "jid_905286",
        "jid_905286",
        "jid_905286",
        "jid_905286",
        "jid_905286",
        "jid_905286",
        "jid_905286",
        "jid_905286",
        "jid_905286",
        "jid_905286",
        "jid_905286",
        "jid_905286",
        "jid_905286",
        "jid_905286",
        "jid_905286",
        "jid_905286",
        "jid_905286",
        "jid_905286",
        "jid_905286",
        "jid_905286",
        "jid_905286",
        "jid_905286",
        "jid_905286",
        "jid_905286",
        "jid_905286",
        "jid_905286",
        "jid_905286",
        "jid_905286",
        "jid_905286",
        "jid_905286",
        "jid_905286",
        "jid_905286",
        "jid_905286",
        "jid_905286",
        "jid_905286",
        "jid_905286",
        "jid_905286",
        "jid_905286",
        "jid_905286",
        "jid_905286",
        "jid_905286",
        "jid_905286",
        "jid_905286",
        "jid_905286",
        "jid_905286",
        "jid_905286",
        "jid_905286",
        "jid_905286",
        "jid_905286",
        "jid_905286",
        "jid_905286",
        "jid_905286",
        "jid_905286",
        "jid_905286",
        "jid_905286",
        "jid_905286",
        "jid_905286",
        "jid_905286",
        "jid_905286",
        "jid_905286",
        "jid_905286",
        "jid_905286",
        "jid_905286",
        "jid_905286",
        "jid_905286",
        "jid_905286",
        "jid_905286",
        "jid_905286",
        "jid_905286",
        "jid_905286",
        "jid_905286",
        "jid_905286",
        "jid_905286",
        "jid_905286",
        "jid_905286",
        "jid_905286",
        "jid_905286",
        "jid_908152",
        "jid_908147",
        "jid_905178",
        "jid_905178",
        "jid_905178",
        "jid_905178",
        "jid_905178",
        "jid_905178",
        "jid_905178",
        "jid_905178",
        "jid_905178",
        "jid_905178",
        "jid_905178",
        "jid_905178",
        "jid_905178",
        "jid_905178",
        "jid_905178",
        "jid_905178",
        "jid_905178",
        "jid_905178",
        "jid_905178",
        "jid_905178",
        "jid_905178",
        "jid_905178",
        "jid_905178",
        "jid_905178",
        "jid_905178",
        "jid_905178",
        "jid_905178",
        "jid_905178",
        "jid_905178",
        "jid_905178",
        "jid_905178",
        "jid_905178",
        "jid_905178",
        "jid_905178",
        "jid_905178",
        "jid_905178",
        "jid_905178",
        "jid_905178",
        "jid_905178",
        "jid_905178",
        "jid_905178",
        "jid_905178",
        "jid_905178",
        "jid_905178",
        "jid_905178",
        "jid_905178",
        "jid_905178",
        "jid_905178",
        "jid_905178",
        "jid_905178",
        "jid_905178",
        "jid_905178",
        "jid_905178",
        "jid_905178",
        "jid_905178",
        "jid_905178",
        "jid_905178",
        "jid_905178",
        "jid_905178",
        "jid_905178",
        "jid_905178",
        "jid_905178",
        "jid_905178",
        "jid_905178",
        "jid_905178",
        "jid_905178",
        "jid_905178",
        "jid_905178",
        "jid_905178",
        "jid_905178",
        "jid_905178",
        "jid_905178",
        "jid_905178",
        "jid_905178",
        "jid_905178",
        "jid_905178",
        "jid_905178",
        "jid_905178",
        "jid_905178",
        "jid_905178",
        "jid_905178",
        "jid_905178",
        "jid_905178",
        "jid_905178",
        "jid_905178",
        "jid_905178",
        "jid_905178",
        "jid_905178",
        "jid_905178",
        "jid_905178",
        "jid_905178",
        "jid_905178",
        "jid_905178",
        "jid_905178",
        "jid_905178",
        "jid_905178",
        "jid_905178",
        "jid_905178",
        "jid_905178",
        "jid_905178",
        "jid_905178",
        "jid_905178",
        "jid_905178",
        "jid_905178",
        "jid_905178",
        "jid_905178",
        "jid_905178",
        "jid_905178",
        "jid_905178",
        "jid_905178",
        "jid_905178",
        "jid_905178",
        "jid_905178",
        "jid_905178",
        "jid_905178",
        "jid_905178",
        "jid_905178",
        "jid_905178",
        "jid_905178",
        "jid_905178",
        "jid_905178",
        "jid_905178",
        "jid_905178",
        "jid_905178",
        "jid_905178",
        "jid_905178",
        "jid_905178",
        "jid_905178",
        "jid_905178",
        "jid_905178",
        "jid_905178",
        "jid_905178",
        "jid_905178",
        "jid_905178",
        "jid_905178",
        "jid_905178",
        "jid_905178",
        "jid_905178",
        "jid_905178",
        "jid_905178",
        "jid_905178",
        "jid_905178",
        "jid_905178",
        "jid_905178",
        "jid_905178",
        "jid_905178",
        "jid_905178",
        "jid_905178",
        "jid_905178",
        "jid_905178",
        "jid_905178",
        "jid_905178",
        "jid_905178",
        "jid_905178",
        "jid_905178",
        "jid_905178",
        "jid_905178",
        "jid_905178",
        "jid_905178",
        "jid_905178",
        "jid_905178",
        "jid_905178",
        "jid_905178",
        "jid_905178",
        "jid_905178",
        "jid_905178",
        "jid_905178",
        "jid_905178",
        "jid_905178",
        "jid_905178",
        "jid_905178",
        "jid_905178",
        "jid_905178",
        "jid_905178",
        "jid_905178",
        "jid_905178",
        "jid_905178",
        "jid_905178",
        "jid_905178",
        "jid_905178",
        "jid_905178",
        "jid_905178",
        "jid_905178",
        "jid_905178",
        "jid_905178",
        "jid_905178",
        "jid_905178",
        "jid_905178",
        "jid_905178",
        "jid_905178",
        "jid_905178",
        "jid_905178",
        "jid_905178",
        "jid_905178",
        "jid_905178",
        "jid_905178",
        "jid_905178",
        "jid_905178",
        "jid_905178",
        "jid_905178",
        "jid_905178",
        "jid_905178",
        "jid_905178",
        "jid_905178",
        "jid_905178",
        "jid_905178",
        "jid_905178",
        "jid_905178",
        "jid_905178",
        "jid_905178",
        "jid_905178",
        "jid_905178",
        "jid_905178",
        "jid_905178",
        "jid_905178",
        "jid_905178",
        "jid_905178",
        "jid_905178",
        "jid_905178",
        "jid_905178",
        "jid_905178",
        "jid_905178",
        "jid_905178",
        "jid_905178",
        "jid_905178",
        "jid_905178",
        "jid_905178",
        "jid_905178",
        "jid_905178",
        "jid_905178",
        "jid_905178",
        "jid_905178",
        "jid_905178",
        "jid_905178",
        "jid_905178",
        "jid_905178",
        "jid_905178",
        "jid_905178",
        "jid_905178",
        "jid_905178",
        "jid_905178",
        "jid_905178",
        "jid_905178",
        "jid_905178",
        "jid_905178",
        "jid_905178",
        "jid_905178",
        "jid_905178",
        "jid_905178",
        "jid_905178",
        "jid_905178",
        "jid_905178",
        "jid_905178",
        "jid_905178",
        "jid_905178",
        "jid_905178",
        "jid_905178",
        "jid_905178",
        "jid_905178",
        "jid_905178",
        "jid_905178",
        "jid_905178",
        "jid_905178",
        "jid_905178",
        "jid_905178",
        "jid_905178",
        "jid_905178",
        "jid_905178",
        "jid_905178",
        "jid_905178",
        "jid_905178",
        "jid_905178",
        "jid_905178",
        "jid_905178",
        "jid_905178",
        "jid_905178",
        "jid_905178",
        "jid_905178",
        "jid_905178",
        "jid_905178",
        "jid_905178",
        "jid_905178",
        "jid_905178",
        "jid_905178",
        "jid_905178",
        "jid_905178",
        "jid_905178",
        "jid_905178",
        "jid_905178",
        "jid_905178",
        "jid_905178",
        "jid_905178",
        "jid_905178",
        "jid_905178",
        "jid_905178",
        "jid_905178",
        "jid_905178",
        "jid_905178",
        "jid_905178",
        "jid_905178",
        "jid_905178",
        "jid_905178",
        "jid_905178",
        "jid_905178",
        "jid_905178",
        "jid_905178",
        "jid_905178",
        "jid_905178",
        "jid_905178",
        "jid_905178",
        "jid_905178",
        "jid_905178",
        "jid_905178",
        "jid_905178",
        "jid_905178",
        "jid_905178",
        "jid_905178",
        "jid_905178",
        "jid_905178",
        "jid_905178",
        "jid_905178",
        "jid_905178",
        "jid_905178",
        "jid_905178",
        "jid_905178",
        "jid_905178",
        "jid_905178",
        "jid_905178",
        "jid_905178",
        "jid_905178",
        "jid_905178",
        "jid_905178",
        "jid_905178",
        "jid_905178",
        "jid_905178",
        "jid_905178",
        "jid_905178",
        "jid_905178",
        "jid_905178",
        "jid_905178",
        "jid_905178",
        "jid_905178",
        "jid_905178",
        "jid_905178",
        "jid_905178",
        "jid_905178",
        "jid_905178",
        "jid_905178",
        "jid_905178",
        "jid_905178",
        "jid_905178",
        "jid_905178",
        "jid_905178",
        "jid_905178",
        "jid_905178",
        "jid_905178",
        "jid_905178",
        "jid_905178",
        "jid_905178",
        "jid_905178",
        "jid_905178",
        "jid_905178",
        "jid_905178",
        "jid_905178",
        "jid_905178",
        "jid_905178",
        "jid_905178",
        "jid_905178",
        "jid_905178",
        "jid_905178",
        "jid_905178",
        "jid_905178",
        "jid_905178",
        "jid_905178",
        "jid_905178",
        "jid_905178",
        "jid_905178",
        "jid_905178",
        "jid_905178",
        "jid_905178",
        "jid_905178",
        "jid_905178",
        "jid_905178",
        "jid_905178",
        "jid_905178",
        "jid_905178",
        "jid_905178",
        "jid_905178",
        "jid_905178",
        "jid_905178",
        "jid_905178",
        "jid_905178",
        "jid_905178",
        "jid_905178",
        "jid_905178",
        "jid_905178",
        "jid_905178",
        "jid_905178",
        "jid_905178",
        "jid_905178",
        "jid_905178",
        "jid_905178",
        "jid_905178",
        "jid_905178",
        "jid_905178",
        "jid_905178",
        "jid_905178",
        "jid_905178",
        "jid_905178",
        "jid_905178",
        "jid_905178",
        "jid_905178",
        "jid_905178",
        "jid_905178",
        "jid_905178",
        "jid_905178",
        "jid_905178",
        "jid_905178",
        "jid_905178",
        "jid_905178",
        "jid_905178",
        "jid_905178",
        "jid_905178",
        "jid_905178",
        "jid_905178",
        "jid_905178",
        "jid_905178",
        "jid_905178",
        "jid_905178",
        "jid_905178",
        "jid_905178",
        "jid_905178",
        "jid_905178",
        "jid_905178",
        "jid_905178",
        "jid_905178",
        "jid_905178",
        "jid_905178",
        "jid_905178",
        "jid_905178",
        "jid_905178",
        "jid_905178",
        "jid_905178",
        "jid_905178",
        "jid_905178",
        "jid_905178",
        "jid_905178",
        "jid_905178",
        "jid_905178",
        "jid_905178",
        "jid_905178",
        "jid_905178",
        "jid_905178",
        "jid_905178",
        "jid_905178",
        "jid_905178",
        "jid_905178",
        "jid_905178",
        "jid_905178",
        "jid_905178",
        "jid_905178",
        "jid_905178",
        "jid_905178",
        "jid_905178",
        "jid_905178",
        "jid_905178",
        "jid_905178",
        "jid_905178",
        "jid_905178",
        "jid_905178",
        "jid_905178",
        "jid_905178",
        "jid_905178",
        "jid_905178",
        "jid_905178",
        "jid_905178",
        "jid_905178",
        "jid_905178",
        "jid_905178",
        "jid_905178",
        "jid_905178",
        "jid_905178",
        "jid_905178",
        "jid_905178",
        "jid_905178",
        "jid_905178",
        "jid_905178",
        "jid_905178",
        "jid_905178",
        "jid_905178",
        "jid_905178",
        "jid_905178",
        "jid_905178",
        "jid_905178",
        "jid_905178",
        "jid_905178",
        "jid_905178",
        "jid_905178",
        "jid_905178",
        "jid_905178",
        "jid_905178",
        "jid_905178",
        "jid_905178",
        "jid_905178",
        "jid_905178",
        "jid_905178",
        "jid_905178",
        "jid_905178",
        "jid_905178",
        "jid_905178",
        "jid_905178",
        "jid_905178",
        "jid_905178",
        "jid_905178",
        "jid_905178",
        "jid_905178",
        "jid_905178",
        "jid_905178",
        "jid_905178",
        "jid_905178",
        "jid_905178",
        "jid_905178",
        "jid_905178",
        "jid_905178",
        "jid_905178",
        "jid_905178",
        "jid_905178",
        "jid_905178",
        "jid_905178",
        "jid_905178",
        "jid_905178",
        "jid_905178",
        "jid_905178",
        "jid_905178",
        "jid_905178",
        "jid_905178",
        "jid_905178",
        "jid_905178",
        "jid_905178",
        "jid_905178",
        "jid_905178",
        "jid_905178",
        "jid_905178",
        "jid_905178",
        "jid_905178",
        "jid_905178",
        "jid_905178",
        "jid_905178",
        "jid_905178",
        "jid_905178",
        "jid_905178",
        "jid_905178",
        "jid_905178",
        "jid_905178",
        "jid_905178",
        "jid_905178",
        "jid_905178",
        "jid_905178",
        "jid_905178",
        "jid_905178",
        "jid_905178",
        "jid_905178",
        "jid_905178",
        "jid_905178",
        "jid_905178",
        "jid_905178",
        "jid_905178",
        "jid_905178",
        "jid_905178",
        "jid_905178",
        "jid_905178",
        "jid_905178",
        "jid_905178",
        "jid_905178",
        "jid_905178",
        "jid_905178",
        "jid_905178",
        "jid_905178",
        "jid_905178",
        "jid_905178",
        "jid_905178",
        "jid_905178",
        "jid_905178",
        "jid_905178",
        "jid_905178",
        "jid_905178",
        "jid_905178",
        "jid_905178",
        "jid_905178",
        "jid_905178",
        "jid_905178",
        "jid_905178",
        "jid_905178",
        "jid_905178",
        "jid_905178",
        "jid_905178",
        "jid_905178",
        "jid_905178",
        "jid_905178",
        "jid_905178",
        "jid_905178",
        "jid_905178",
        "jid_905178",
        "jid_905178",
        "jid_905178",
        "jid_905178",
        "jid_905178",
        "jid_905178",
        "jid_905178",
        "jid_905178",
        "jid_905178",
        "jid_905178",
        "jid_905178",
        "jid_905178",
        "jid_905178",
        "jid_905178",
        "jid_905178",
        "jid_905178",
        "jid_905178",
        "jid_905178",
        "jid_905178",
        "jid_905178",
        "jid_905178",
        "jid_905178",
        "jid_905178",
        "jid_905178",
        "jid_905178",
        "jid_905178",
        "jid_905178",
        "jid_905178",
        "jid_905178",
        "jid_905178",
        "jid_905178",
        "jid_905178",
        "jid_905178",
        "jid_905178",
        "jid_905178",
        "jid_905178",
        "jid_905178",
        "jid_905178",
        "jid_905178",
        "jid_905178",
        "jid_905178",
        "jid_905178",
        "jid_905178",
        "jid_905178",
        "jid_905178",
        "jid_905178",
        "jid_905178",
        "jid_905178",
        "jid_905178",
        "jid_905178",
        "jid_905178",
        "jid_905178",
        "jid_905178",
        "jid_905178",
        "jid_905178",
        "jid_905178",
        "jid_905178",
        "jid_905178",
        "jid_905178",
        "jid_905178",
        "jid_905178",
        "jid_905178",
        "jid_905178",
        "jid_905178",
        "jid_905178",
        "jid_905178",
        "jid_905178",
        "jid_905178",
        "jid_905178",
        "jid_905178",
        "jid_905178",
        "jid_905178",
        "jid_905178",
        "jid_905178",
        "jid_905178",
        "jid_905178",
        "jid_905178",
        "jid_905178",
        "jid_905178",
        "jid_905178",
        "jid_905178",
        "jid_905178",
        "jid_905178",
        "jid_905178",
        "jid_905178",
        "jid_905178",
        "jid_905178",
        "jid_905178",
        "jid_905178",
        "jid_905178",
        "jid_905178",
        "jid_905178",
        "jid_905178",
        "jid_905178",
        "jid_905178",
        "jid_905178",
        "jid_905178",
        "jid_905178",
        "jid_905178",
        "jid_905178",
        "jid_905178",
        "jid_905178",
        "jid_905178",
        "jid_905178",
        "jid_905178",
        "jid_905178",
        "jid_905178",
        "jid_905178",
        "jid_905178",
        "jid_905178",
        "jid_905178",
        "jid_905178",
        "jid_905178",
        "jid_905178",
        "jid_905178",
        "jid_905178",
        "jid_905178",
        "jid_905178",
        "jid_905178",
        "jid_905178",
        "jid_905178",
        "jid_905178",
        "jid_905178",
        "jid_905178",
        "jid_905178",
        "jid_905178",
        "jid_905178",
        "jid_905178",
        "jid_905178",
        "jid_905178",
        "jid_905178",
        "jid_905178",
        "jid_905178",
        "jid_905178",
        "jid_905178",
        "jid_905178",
        "jid_905178",
        "jid_905178",
        "jid_905178",
        "jid_905178",
        "jid_905178",
        "jid_905178",
        "jid_905178",
        "jid_905178",
        "jid_905178",
        "jid_905178",
        "jid_905178",
        "jid_905178",
        "jid_905178",
        "jid_905178",
        "jid_905178",
        "jid_905178",
        "jid_905178",
        "jid_905178",
        "jid_905178",
        "jid_905178",
        "jid_905178",
        "jid_905178",
        "jid_905178",
        "jid_905178",
        "jid_905178",
        "jid_905178",
        "jid_905178",
        "jid_905178",
        "jid_905178",
        "jid_905178",
        "jid_905178",
        "jid_905178",
        "jid_905178",
        "jid_905178",
        "jid_905178",
        "jid_905178",
        "jid_905178",
        "jid_905178",
        "jid_905178",
        "jid_905178",
        "jid_905178",
        "jid_905178",
        "jid_905178",
        "jid_905178",
        "jid_905178",
        "jid_905178",
        "jid_905178",
        "jid_905178",
        "jid_905178",
        "jid_905178",
        "jid_905178",
        "jid_905178",
        "jid_905178",
        "jid_905178",
        "jid_905178",
        "jid_905178",
        "jid_905178",
        "jid_905178",
        "jid_905178",
        "jid_905178",
        "jid_905178",
        "jid_905178",
        "jid_905178",
        "jid_905178",
        "jid_905178",
        "jid_905178",
        "jid_905178",
        "jid_905178",
        "jid_905178",
        "jid_905178",
        "jid_905178",
        "jid_905178",
        "jid_905178",
        "jid_905178",
        "jid_905178",
        "jid_905178",
        "jid_905178",
        "jid_905178",
        "jid_905178",
        "jid_905178",
        "jid_905178",
        "jid_905178",
        "jid_905178",
        "jid_905178",
        "jid_905178",
        "jid_905178",
        "jid_905178",
        "jid_905178",
        "jid_905178",
        "jid_905178",
        "jid_905178",
        "jid_905178",
        "jid_905178",
        "jid_905178",
        "jid_905178",
        "jid_905178",
        "jid_908109",
        "jid_908109",
        "jid_908109",
        "jid_908109",
        "jid_908109",
        "jid_908109",
        "jid_908109",
        "jid_908109",
        "jid_908109",
        "jid_908109",
        "jid_908109",
        "jid_908109",
        "jid_908109",
        "jid_908109",
        "jid_908109",
        "jid_908109",
        "jid_908210",
        "jid_908214",
        "jid_908209",
        "jid_908224",
        "jid_910417",
        "jid_910417",
        "jid_908127",
        "jid_908137",
        "jid_908125"
    ],
    "jobs still in queue": [],
    "Jobs <= 5 nodes": 9186,
    "Jobs <= 50 nodes": 3941,
    "Jobs <= 250 nodes": 147,
    "Jobs > 250 nodes": 17226,
    "min job size": 1,
    "max job size": 52429,
    "average job size": 573.279213114754,
    "min runtime": 0,
    "max runtime": 35842,
    "average runtime": 701.3704590163934,
    "min energy": 0.0,
    "max energy": 101641962340.81581,
    "avg energy": 10586093.933701208,
    "min edp": 0.0,
    "max edp": 1116333672389180.0,
    "avg edp": 84690078878.8481,
    "min edp^2": 0.0,
    "max edp^2": 1.4834375452870466e+19,
    "avg edp^2": 1634087098848330.2,
    "min_aggregate_node_hours": 0,
    "max_aggregate_node_hours": 575827707,
    "avg_aggregate_node_hours": 70917.29918032787,
    "min_wait_time": 0,
    "max_wait_time": 1889,
    "average_wait_time": 262.86911475409835,
    "min_turnaround_time": 0,
    "max_turnaround_time": 35842,
    "average_turnaround_time": 964.2395737704918,
    "min_area_weighted_response_time": 0,
    "max_area_weighted_response_time": 6571921619991,
    "area_weighted_avg_response_time": 7234.352375180025,
    "priority_weighted_specific_response_time": 17762.75550002291
}