{
    "num_samples": 8640,
    "average power": "5.17 MW",
    "min loss": "0.71 MW",
    "average loss": "0.80 MW",
    "max loss": "0.82 MW",
    "system power efficiency": "84.47%",
    "total energy consumed": "124.17 MW-hr",
    "carbon emissions": "56.83 metric tons CO2",
    "total cost": "$11672.09"
}{
    "jobs completed": 4742,
    "throughput": "197.58 jobs/hour",
    "jobs still running": [
        "jid_77838",
        "jid_275169",
        "jid_275277",
        "jid_275306",
        "jid_275324",
        "jid_275313",
        "jid_275315",
        "jid_275318",
        "jid_273915",
        "jid_275146",
        "jid_275983",
        "jid_276900",
        "jid_277263",
        "jid_277320",
        "jid_278053",
        "jid_271436",
        "jid_278968",
        "jid_271642",
        "jid_271905",
        "jid_271960",
        "jid_272001",
        "jid_275569",
        "jid_275332",
        "jid_74423",
        "jid_74423",
        "jid_272008",
        "jid_75885",
        "jid_272432",
        "jid_272189",
        "jid_272189",
        "jid_272191",
        "jid_272191"
    ],
    "jobs still in queue": [
        "jid_271859",
        "jid_76001",
        "jid_77817",
        "jid_77817",
        "jid_77817",
        "jid_77793",
        "jid_77793",
        "jid_77793",
        "jid_77793",
        "jid_77679",
        "jid_77679",
        "jid_77797",
        "jid_77797",
        "jid_77753",
        "jid_76446",
        "jid_76446",
        "jid_77069",
        "jid_77069",
        "jid_77069",
        "jid_77069",
        "jid_271365",
        "jid_271365",
        "jid_271365",
        "jid_271365",
        "jid_271365",
        "jid_271365",
        "jid_271365",
        "jid_271365",
        "jid_271365",
        "jid_271365",
        "jid_271365",
        "jid_271365",
        "jid_271365",
        "jid_271365",
        "jid_271365",
        "jid_271365",
        "jid_271365",
        "jid_271365",
        "jid_271365",
        "jid_271365",
        "jid_271365",
        "jid_271365",
        "jid_271365",
        "jid_271365",
        "jid_271365",
        "jid_271365",
        "jid_271365",
        "jid_271365",
        "jid_271365",
        "jid_271365",
        "jid_271365",
        "jid_271365",
        "jid_271365",
        "jid_271365",
        "jid_271365",
        "jid_271365",
        "jid_271365",
        "jid_271365",
        "jid_271365",
        "jid_271365",
        "jid_271365",
        "jid_271365",
        "jid_271365",
        "jid_271365",
        "jid_271365",
        "jid_271365",
        "jid_271365",
        "jid_271365",
        "jid_271365",
        "jid_271365",
        "jid_271365",
        "jid_271365",
        "jid_271365",
        "jid_271365",
        "jid_271365",
        "jid_271365",
        "jid_271365",
        "jid_271365",
        "jid_271365",
        "jid_271365",
        "jid_271365",
        "jid_271365",
        "jid_271365",
        "jid_271365",
        "jid_271365",
        "jid_271365",
        "jid_271365",
        "jid_271365",
        "jid_271365",
        "jid_271365",
        "jid_271365",
        "jid_271365",
        "jid_271365",
        "jid_271365",
        "jid_271365",
        "jid_275908",
        "jid_275908",
        "jid_275908",
        "jid_275480",
        "jid_275351",
        "jid_76865",
        "jid_76865",
        "jid_271344",
        "jid_275754",
        "jid_276048",
        "jid_275554",
        "jid_275475",
        "jid_272188",
        "jid_272016",
        "jid_271443",
        "jid_271444",
        "jid_271442",
        "jid_271444",
        "jid_271446",
        "jid_271446",
        "jid_271447",
        "jid_271453",
        "jid_271447",
        "jid_271447",
        "jid_271452",
        "jid_271453",
        "jid_271454",
        "jid_271452",
        "jid_271452",
        "jid_271454",
        "jid_271455",
        "jid_271455",
        "jid_271455",
        "jid_271455",
        "jid_271460",
        "jid_271463",
        "jid_271463",
        "jid_271460",
        "jid_271460",
        "jid_271466",
        "jid_271464",
        "jid_271464",
        "jid_271464",
        "jid_271461",
        "jid_271466",
        "jid_271461",
        "jid_271461",
        "jid_271468",
        "jid_271461",
        "jid_271461",
        "jid_271457",
        "jid_271459",
        "jid_271462",
        "jid_271459",
        "jid_271467",
        "jid_271467",
        "jid_271465",
        "jid_271456",
        "jid_271456",
        "jid_271470",
        "jid_271470",
        "jid_271470",
        "jid_271727",
        "jid_271727",
        "jid_271727",
        "jid_271727",
        "jid_271727",
        "jid_271727",
        "jid_271727",
        "jid_271727",
        "jid_271727",
        "jid_271727",
        "jid_271727",
        "jid_271727",
        "jid_271727",
        "jid_271727",
        "jid_271727",
        "jid_271727",
        "jid_271727",
        "jid_271727",
        "jid_271727",
        "jid_271727",
        "jid_271727",
        "jid_271727",
        "jid_271727",
        "jid_271727",
        "jid_271727",
        "jid_271727",
        "jid_271727",
        "jid_271727",
        "jid_271727",
        "jid_271727",
        "jid_271727",
        "jid_271727",
        "jid_271727",
        "jid_271727",
        "jid_271727",
        "jid_271727",
        "jid_271727",
        "jid_271727",
        "jid_271727",
        "jid_271727",
        "jid_271727",
        "jid_271727",
        "jid_271727",
        "jid_271727",
        "jid_271727",
        "jid_271727",
        "jid_271727",
        "jid_271727",
        "jid_271727",
        "jid_271727",
        "jid_271727",
        "jid_271727",
        "jid_271727",
        "jid_271727",
        "jid_271727",
        "jid_271727",
        "jid_271727",
        "jid_271727",
        "jid_271727",
        "jid_271727",
        "jid_271727",
        "jid_271727",
        "jid_271727",
        "jid_271727",
        "jid_271727",
        "jid_271727",
        "jid_271727",
        "jid_271727",
        "jid_271727",
        "jid_271727",
        "jid_271727",
        "jid_271727",
        "jid_271727",
        "jid_271727",
        "jid_271727",
        "jid_271727",
        "jid_271727",
        "jid_271727",
        "jid_271727",
        "jid_271727",
        "jid_271727",
        "jid_271727",
        "jid_271727",
        "jid_271727",
        "jid_271727",
        "jid_271727",
        "jid_275531",
        "jid_275531",
        "jid_275456",
        "jid_275456",
        "jid_275418",
        "jid_275418",
        "jid_275450",
        "jid_275325",
        "jid_275513",
        "jid_275513",
        "jid_275552",
        "jid_275415",
        "jid_275409",
        "jid_275409",
        "jid_275433",
        "jid_275433",
        "jid_275748",
        "jid_275748",
        "jid_275748",
        "jid_275538",
        "jid_275931",
        "jid_275918",
        "jid_277370",
        "jid_275920",
        "jid_271715",
        "jid_271883",
        "jid_275528",
        "jid_275888",
        "jid_275507",
        "jid_275420",
        "jid_271725",
        "jid_271732",
        "jid_271732",
        "jid_271732",
        "jid_271730",
        "jid_271731",
        "jid_271731",
        "jid_271730",
        "jid_271736",
        "jid_271733",
        "jid_271726",
        "jid_271726",
        "jid_271726",
        "jid_271726",
        "jid_271728",
        "jid_271729",
        "jid_271734",
        "jid_271734",
        "jid_271735",
        "jid_271735",
        "jid_271739",
        "jid_271739",
        "jid_271739",
        "jid_271739",
        "jid_271738",
        "jid_271742",
        "jid_271742",
        "jid_271738",
        "jid_271760",
        "jid_271760",
        "jid_271760",
        "jid_271752",
        "jid_271748",
        "jid_271748",
        "jid_271755",
        "jid_271744",
        "jid_271755",
        "jid_271755",
        "jid_271747",
        "jid_271747",
        "jid_271745",
        "jid_271745",
        "jid_271844",
        "jid_275132",
        "jid_275132",
        "jid_275132",
        "jid_275133",
        "jid_275562",
        "jid_275713",
        "jid_275501",
        "jid_276197",
        "jid_271839",
        "jid_275613",
        "jid_276193",
        "jid_275459",
        "jid_275362",
        "jid_74917",
        "jid_74917",
        "jid_75743",
        "jid_75743",
        "jid_75743",
        "jid_275148",
        "jid_75743",
        "jid_75675",
        "jid_275074",
        "jid_275107",
        "jid_74968",
        "jid_275074",
        "jid_74968",
        "jid_74968",
        "jid_75059",
        "jid_75059",
        "jid_75059",
        "jid_275049",
        "jid_275127",
        "jid_275127",
        "jid_275127",
        "jid_275127",
        "jid_74908",
        "jid_74908",
        "jid_275058",
        "jid_275058",
        "jid_71555",
        "jid_275058",
        "jid_275058",
        "jid_275058",
        "jid_81653",
        "jid_275176",
        "jid_275176",
        "jid_74316",
        "jid_271894",
        "jid_274901",
        "jid_275939",
        "jid_275761",
        "jid_275624",
        "jid_276185",
        "jid_279584",
        "jid_272133",
        "jid_271915",
        "jid_271944",
        "jid_275077",
        "jid_274108",
        "jid_271959",
        "jid_276204",
        "jid_77881",
        "jid_276561",
        "jid_272086",
        "jid_275117",
        "jid_275091",
        "jid_272040",
        "jid_276928",
        "jid_71246",
        "jid_78875",
        "jid_277086",
        "jid_77838",
        "jid_77838",
        "jid_272196",
        "jid_272190",
        "jid_272303",
        "jid_272273",
        "jid_275283",
        "jid_272302",
        "jid_272265",
        "jid_272350",
        "jid_275642",
        "jid_275642",
        "jid_275642",
        "jid_275642",
        "jid_275567"
    ],
    "Jobs <= 5 nodes": 3371,
    "Jobs <= 50 nodes": 1034,
    "Jobs <= 250 nodes": 111,
    "Jobs > 250 nodes": 226,
    "min job size": 1,
    "max job size": 27648,
    "average job size": 202.26697595951075,
    "min runtime": 0,
    "max runtime": 40997,
    "average runtime": 1090.5014761703922,
    "min energy": 0.0,
    "max energy": 18839572897.959312,
    "avg energy": 43522355.65991001,
    "min edp": 0.0,
    "max edp": 204793194905443.56,
    "avg edp": 585022738373.531,
    "min edp^2": 0.0,
    "max edp^2": 4.531939826954795e+18,
    "avg edp^2": 1.1384520221197004e+16,
    "min_aggregate_node_hours": 0,
    "max_aggregate_node_hours": 106741760,
    "avg_aggregate_node_hours": 257293.82792070857,
    "min_wait_time": 0,
    "max_wait_time": 21196,
    "average_wait_time": 1226.4713201180937,
    "min_turnaround_time": 0,
    "max_turnaround_time": 40997,
    "average_turnaround_time": 2316.972796288486,
    "min_area_weighted_response_time": 0,
    "max_area_weighted_response_time": 1434355004556,
    "area_weighted_avg_response_time": 16329.604029408118,
    "priority_weighted_specific_response_time": 18579.77031033839
}