{
    "num_samples": 60480,
    "average power": "28.62 MW",
    "min loss": "3.14 MW",
    "average loss": "3.99 MW",
    "max loss": "4.04 MW",
    "system power efficiency": "86.06%",
    "total energy consumed": "4808.76 MW-hr",
    "carbon emissions": "2160.33 metric tons CO2",
    "total cost": "$452023.87"
}{
    "jobs completed": 1973,
    "throughput": "11.74 jobs/hour",
    "jobs still running": [
        "jid_670502",
        "jid_670456",
        "jid_670425",
        "jid_683547",
        "jid_670326",
        "jid_670326",
        "jid_670397",
        "jid_674263",
        "jid_675318",
        "jid_669523",
        "jid_669523",
        "jid_670418",
        "jid_670420",
        "jid_670391",
        "jid_670393",
        "jid_670320",
        "jid_670351",
        "jid_670327",
        "jid_670316",
        "jid_670346",
        "jid_670290",
        "jid_670285",
        "jid_670379",
        "jid_670367",
        "jid_670349",
        "jid_670317",
        "jid_670311",
        "jid_670365",
        "jid_670366",
        "jid_670298",
        "jid_670289",
        "jid_670299",
        "jid_670389",
        "jid_670390",
        "jid_670294",
        "jid_670347",
        "jid_670358",
        "jid_670407"
    ],
    "jobs still in queue": [],
    "Jobs <= 5 nodes": 1129,
    "Jobs <= 50 nodes": 343,
    "Jobs <= 250 nodes": 170,
    "Jobs <= 4500 nodes": 275,
    "Jobs > 4500 nodes": 56,
    "min job size": 1,
    "max job size": 158404,
    "average job size": 1328.4673086670045,
    "min runtime": 0,
    "max runtime": 144650,
    "average runtime": 5116.018753167765,
    "min energy": 0.0,
    "max energy": 66210409948.979744,
    "avg energy": 229943486.4922947,
    "min edp": 0.0,
    "max edp": 567709537276381.5,
    "avg edp": 1947905330117.352,
    "min edp^2": 0.0,
    "max edp^2": 4.153001061718805e+19,
    "avg edp^2": 8.116522209587149e+16,
    "min_aggregate_node_hours": 0,
    "max_aggregate_node_hours": 375222672,
    "avg_aggregate_node_hours": 1346199.4967055246,
    "min_cpu_util": 0.5019771264617552,
    "max_cpu_util": 1.0,
    "avg_cpu_util": 0.8697645528602234,
    "min_gpu_util": 0,
    "max_gpu_util": 0,
    "avg_gpu_util": 0.0,
    "min_ntx_util": 0,
    "max_ntx_util": 0,
    "avg_ntx_util": 0.0,
    "min_nrx_util": 0,
    "max_nrx_util": 0,
    "avg_nrx_util": 0.0,
    "min_wait_time": 0,
    "max_wait_time": 17368,
    "average_wait_time": 9.056766345666498,
    "min_turnaround_time": 0,
    "max_turnaround_time": 144650,
    "average_turnaround_time": 5125.075519513432,
    "min_area_weighted_response_time": 0,
    "max_area_weighted_response_time": 3216005068800,
    "area_weighted_avg_response_time": 8484.346862568698,
    "priority_weighted_specific_response_time": 51804.32753782597
}