{
    "num_samples": 129600,
    "average power": "8.99 MW",
    "min loss": "1.30 MW",
    "average loss": "1.55 MW",
    "max loss": "1.77 MW",
    "system power efficiency": "82.81%",
    "total energy consumed": "3237.86 MW-hr",
    "carbon emissions": "1511.62 metric tons CO2",
    "total cost": "$304358.60"
}{
    "jobs completed": 12073,
    "throughput": "33.54 jobs/hour",
    "jobs still running": [
        "jid_747881",
        "jid_750295",
        "jid_750228",
        "jid_749864",
        "jid_747762",
        "jid_749072",
        "jid_749024",
        "jid_748736",
        "jid_747978",
        "jid_747863",
        "jid_748538",
        "jid_682556",
        "jid_747822",
        "jid_747931",
        "jid_747796",
        "jid_747798",
        "jid_747633",
        "jid_747649",
        "jid_747652",
        "jid_747659",
        "jid_747682",
        "jid_747662",
        "jid_747681",
        "jid_747644",
        "jid_747643",
        "jid_747678",
        "jid_747350",
        "jid_747350",
        "jid_747350",
        "jid_747350",
        "jid_747620"
    ],
    "jobs still in queue": [],
    "Jobs <= 5 nodes": 6653,
    "Jobs <= 50 nodes": 4072,
    "Jobs <= 250 nodes": 737,
    "Jobs > 250 nodes": 611,
    "min job size": 1,
    "max job size": 65536,
    "average job size": 108.05002899030896,
    "min runtime": 0,
    "max runtime": 253218,
    "average runtime": 8893.412821999504,
    "min energy": 0.0,
    "max energy": 199567151020.41595,
    "avg energy": 134027925.61619884,
    "min edp": 0.0,
    "max edp": 3442732922253195.5,
    "avg edp": 4680274773275.421,
    "min edp^2": 0.0,
    "max edp^2": 1.8693539793808487e+20,
    "avg edp^2": 2.9588705437899046e+17,
    "min_aggregate_node_hours": 0,
    "max_aggregate_node_hours": 1130561536,
    "avg_aggregate_node_hours": 832980.320798476,
    "min_wait_time": 0,
    "max_wait_time": 644121,
    "average_wait_time": 2581.3526878157872,
    "min_turnaround_time": 0,
    "max_turnaround_time": 644141,
    "average_turnaround_time": 11474.76550981529,
    "min_area_weighted_response_time": 0,
    "max_area_weighted_response_time": 44365495795712,
    "area_weighted_avg_response_time": 39051.3120224353,
    "priority_weighted_specific_response_time": 130153.05563442995
}