{
    "num_samples": 8640,
    "average power": "4.77 MW",
    "min loss": "0.65 MW",
    "average loss": "0.73 MW",
    "max loss": "0.74 MW",
    "system power efficiency": "84.61%",
    "total energy consumed": "114.54 MW-hr",
    "carbon emissions": "52.34 metric tons CO2",
    "total cost": "$10766.76"
}{
    "jobs completed": 5016,
    "throughput": "209.00 jobs/hour",
    "jobs still running": [
        "jid_275277",
        "jid_275306",
        "jid_275313",
        "jid_275315",
        "jid_275324",
        "jid_275318",
        "jid_275146",
        "jid_275569",
        "jid_275332",
        "jid_74423",
        "jid_74423",
        "jid_75885",
        "jid_275351",
        "jid_275754",
        "jid_276048",
        "jid_275554",
        "jid_275475",
        "jid_271727",
        "jid_271727",
        "jid_271727",
        "jid_271727",
        "jid_271727",
        "jid_271727",
        "jid_271727",
        "jid_271727",
        "jid_271727",
        "jid_271727",
        "jid_271727",
        "jid_271727",
        "jid_271727",
        "jid_271727",
        "jid_271727",
        "jid_271727",
        "jid_271727",
        "jid_271727",
        "jid_271727",
        "jid_271727",
        "jid_271727",
        "jid_271727",
        "jid_271727",
        "jid_271727",
        "jid_271727",
        "jid_271727",
        "jid_271727",
        "jid_271727",
        "jid_271727",
        "jid_271727",
        "jid_271727",
        "jid_271727",
        "jid_271727",
        "jid_271727",
        "jid_271727",
        "jid_271727",
        "jid_275456",
        "jid_275450",
        "jid_275325",
        "jid_275513",
        "jid_275552",
        "jid_275409",
        "jid_275409",
        "jid_275433",
        "jid_275433",
        "jid_275748",
        "jid_275748",
        "jid_275748",
        "jid_275538",
        "jid_275888",
        "jid_275507",
        "jid_275562",
        "jid_275713",
        "jid_275501",
        "jid_276197",
        "jid_275613",
        "jid_276193",
        "jid_275459",
        "jid_275362",
        "jid_74917",
        "jid_74917",
        "jid_75743",
        "jid_75743",
        "jid_75743",
        "jid_275148",
        "jid_75743",
        "jid_75675",
        "jid_275074",
        "jid_74968",
        "jid_275074",
        "jid_74968",
        "jid_74968",
        "jid_75059",
        "jid_75059",
        "jid_75059",
        "jid_275049",
        "jid_275127",
        "jid_275127",
        "jid_275127",
        "jid_275127",
        "jid_74908",
        "jid_74908",
        "jid_275058",
        "jid_275058",
        "jid_71555",
        "jid_275058",
        "jid_275058",
        "jid_275058",
        "jid_81653",
        "jid_275176",
        "jid_275176",
        "jid_74316",
        "jid_275918",
        "jid_275931",
        "jid_277370",
        "jid_275480",
        "jid_275920",
        "jid_275528",
        "jid_275420",
        "jid_272016",
        "jid_274901",
        "jid_275939",
        "jid_275761",
        "jid_275624",
        "jid_276185",
        "jid_279584",
        "jid_271648",
        "jid_275802",
        "jid_275821",
        "jid_277263",
        "jid_271721",
        "jid_275077",
        "jid_274108",
        "jid_276204",
        "jid_77881",
        "jid_276561",
        "jid_276928",
        "jid_77838",
        "jid_77838",
        "jid_275283",
        "jid_272302",
        "jid_275642",
        "jid_275642",
        "jid_275642",
        "jid_275642",
        "jid_272432",
        "jid_272189",
        "jid_272189",
        "jid_272191",
        "jid_272191"
    ],
    "jobs still in queue": [
        "jid_271978",
        "jid_272035",
        "jid_272568",
        "jid_272726",
        "jid_277086",
        "jid_71246",
        "jid_78875",
        "jid_275567",
        "jid_268622",
        "jid_275694",
        "jid_275734",
        "jid_275983",
        "jid_276031"
    ],
    "Jobs <= 5 nodes": 3466,
    "Jobs <= 50 nodes": 1200,
    "Jobs <= 250 nodes": 123,
    "Jobs > 250 nodes": 227,
    "min job size": 1,
    "max job size": 20480,
    "average job size": 173.95554226475278,
    "min runtime": 0,
    "max runtime": 40997,
    "average runtime": 1254.4122807017543,
    "min energy": 0.0,
    "max energy": 18839572897.959312,
    "avg energy": 34157292.4375613,
    "min edp": 0.0,
    "max edp": 204793194905443.56,
    "avg edp": 469790364083.67676,
    "min edp^2": 0.0,
    "max edp^2": 4.531939826954795e+18,
    "avg edp^2": 9502813233417808.0,
    "min_aggregate_node_hours": 0,
    "max_aggregate_node_hours": 106741760,
    "avg_aggregate_node_hours": 198918.64792663476,
    "min_wait_time": 0,
    "max_wait_time": 12503,
    "average_wait_time": 66.01116427432217,
    "min_turnaround_time": 0,
    "max_turnaround_time": 40997,
    "average_turnaround_time": 1320.4234449760766,
    "min_area_weighted_response_time": 0,
    "max_area_weighted_response_time": 1360638263296,
    "area_weighted_avg_response_time": 15659.458770457943,
    "priority_weighted_specific_response_time": 17894.864576425447
}