{
    "num_samples": 8640,
    "average power": "4.83 MW",
    "min loss": "0.65 MW",
    "average loss": "0.74 MW",
    "max loss": "0.74 MW",
    "system power efficiency": "84.72%",
    "total energy consumed": "115.92 MW-hr",
    "carbon emissions": "52.90 metric tons CO2",
    "total cost": "$10896.79"
}{
    "jobs completed": 3655,
    "throughput": "152.29 jobs/hour",
    "jobs still running": [
        "jid_272432",
        "jid_272189",
        "jid_272189",
        "jid_272191",
        "jid_272191"
    ],
    "jobs still in queue": [
        "jid_276031",
        "jid_268622",
        "jid_268838",
        "jid_268799",
        "jid_278970",
        "jid_271495",
        "jid_268445",
        "jid_268445",
        "jid_268445",
        "jid_268445",
        "jid_268445",
        "jid_268445",
        "jid_268445",
        "jid_268445",
        "jid_268445",
        "jid_268445",
        "jid_268445",
        "jid_268445",
        "jid_268445",
        "jid_268445",
        "jid_268445",
        "jid_268445",
        "jid_268445",
        "jid_268445",
        "jid_268445",
        "jid_268445",
        "jid_268445",
        "jid_268445",
        "jid_268445",
        "jid_268445",
        "jid_268445",
        "jid_268445",
        "jid_268445",
        "jid_268445",
        "jid_268445",
        "jid_268445",
        "jid_268542",
        "jid_268542",
        "jid_268542",
        "jid_268542",
        "jid_268542",
        "jid_268542",
        "jid_268542",
        "jid_268542",
        "jid_268542",
        "jid_268542",
        "jid_268542",
        "jid_268542",
        "jid_268542",
        "jid_268542",
        "jid_268542",
        "jid_268542",
        "jid_268542",
        "jid_268542",
        "jid_268542",
        "jid_268542",
        "jid_268542",
        "jid_268542",
        "jid_268542",
        "jid_268542",
        "jid_269502",
        "jid_269502",
        "jid_269502",
        "jid_269564",
        "jid_269033",
        "jid_269598",
        "jid_269598",
        "jid_268788",
        "jid_268788",
        "jid_268788",
        "jid_268788",
        "jid_268788",
        "jid_268788",
        "jid_268788",
        "jid_268788",
        "jid_268788",
        "jid_268788",
        "jid_268788",
        "jid_268788",
        "jid_268788",
        "jid_268788",
        "jid_268788",
        "jid_268788",
        "jid_268788",
        "jid_268788",
        "jid_268788",
        "jid_268788",
        "jid_268788",
        "jid_268788",
        "jid_268788",
        "jid_268788",
        "jid_268788",
        "jid_268848",
        "jid_268848",
        "jid_268848",
        "jid_268848",
        "jid_268848",
        "jid_268848",
        "jid_268848",
        "jid_268848",
        "jid_268848",
        "jid_268848",
        "jid_268848",
        "jid_268848",
        "jid_268848",
        "jid_268848",
        "jid_268848",
        "jid_268848",
        "jid_268848",
        "jid_268848",
        "jid_268848",
        "jid_268848",
        "jid_268848",
        "jid_268848",
        "jid_268848",
        "jid_268848",
        "jid_268848",
        "jid_268848",
        "jid_268875",
        "jid_268875",
        "jid_268875",
        "jid_268875",
        "jid_268875",
        "jid_268875",
        "jid_268875",
        "jid_268875",
        "jid_268875",
        "jid_268875",
        "jid_268875",
        "jid_268875",
        "jid_268875",
        "jid_268875",
        "jid_268875",
        "jid_268875",
        "jid_268875",
        "jid_268875",
        "jid_268875",
        "jid_268875",
        "jid_268875",
        "jid_268875",
        "jid_268875",
        "jid_268875",
        "jid_268875",
        "jid_268875",
        "jid_268875",
        "jid_268875",
        "jid_268875",
        "jid_268875",
        "jid_269017",
        "jid_269017",
        "jid_269017",
        "jid_269017",
        "jid_269017",
        "jid_269017",
        "jid_269017",
        "jid_269017",
        "jid_269017",
        "jid_269017",
        "jid_269017",
        "jid_269017",
        "jid_269017",
        "jid_269017",
        "jid_269017",
        "jid_269017",
        "jid_269017",
        "jid_269017",
        "jid_269017",
        "jid_269017",
        "jid_269017",
        "jid_269017",
        "jid_269017",
        "jid_269017",
        "jid_269017",
        "jid_269008",
        "jid_269008",
        "jid_269008",
        "jid_269008",
        "jid_269008",
        "jid_269008",
        "jid_269008",
        "jid_269008",
        "jid_269008",
        "jid_269008",
        "jid_269008",
        "jid_269008",
        "jid_269008",
        "jid_269008",
        "jid_269008",
        "jid_269008",
        "jid_269008",
        "jid_269008",
        "jid_269008",
        "jid_269008",
        "jid_269008",
        "jid_269008",
        "jid_269008",
        "jid_269008",
        "jid_269008",
        "jid_269008",
        "jid_269008",
        "jid_269008",
        "jid_269021",
        "jid_269021",
        "jid_269021",
        "jid_269021",
        "jid_269021",
        "jid_269021",
        "jid_269021",
        "jid_269021",
        "jid_269021",
        "jid_269021",
        "jid_269021",
        "jid_269021",
        "jid_269021",
        "jid_269021",
        "jid_269021",
        "jid_269021",
        "jid_269021",
        "jid_269021",
        "jid_269021",
        "jid_269021",
        "jid_269021",
        "jid_269021",
        "jid_269021",
        "jid_269024",
        "jid_269024",
        "jid_269024",
        "jid_269024",
        "jid_269024",
        "jid_269024",
        "jid_269024",
        "jid_269024",
        "jid_269024",
        "jid_269024",
        "jid_269024",
        "jid_269024",
        "jid_269024",
        "jid_269024",
        "jid_269024",
        "jid_269024",
        "jid_269024",
        "jid_269024",
        "jid_269024",
        "jid_269024",
        "jid_269024",
        "jid_269024",
        "jid_269024",
        "jid_269024",
        "jid_269024",
        "jid_269024",
        "jid_269024",
        "jid_269024",
        "jid_269024",
        "jid_269024",
        "jid_269330",
        "jid_269028",
        "jid_269028",
        "jid_269028",
        "jid_269028",
        "jid_269028",
        "jid_269028",
        "jid_269028",
        "jid_269028",
        "jid_269028",
        "jid_269028",
        "jid_269028",
        "jid_269028",
        "jid_269028",
        "jid_269028",
        "jid_269028",
        "jid_269028",
        "jid_269028",
        "jid_269028",
        "jid_269028",
        "jid_269028",
        "jid_269028",
        "jid_269028",
        "jid_269028",
        "jid_269028",
        "jid_269028",
        "jid_269036",
        "jid_269036",
        "jid_269036",
        "jid_269036",
        "jid_269036",
        "jid_269036",
        "jid_269036",
        "jid_269036",
        "jid_269036",
        "jid_269036",
        "jid_269036",
        "jid_269036",
        "jid_269036",
        "jid_269036",
        "jid_269036",
        "jid_269036",
        "jid_269036",
        "jid_269036",
        "jid_269036",
        "jid_269036",
        "jid_269036",
        "jid_269036",
        "jid_269036",
        "jid_269036",
        "jid_269036",
        "jid_269038",
        "jid_269038",
        "jid_269038",
        "jid_269038",
        "jid_269038",
        "jid_269038",
        "jid_269038",
        "jid_269038",
        "jid_269038",
        "jid_269038",
        "jid_269038",
        "jid_269038",
        "jid_269038",
        "jid_269038",
        "jid_269038",
        "jid_269038",
        "jid_269038",
        "jid_269038",
        "jid_269038",
        "jid_269038",
        "jid_269038",
        "jid_269038",
        "jid_269038",
        "jid_269038",
        "jid_269038",
        "jid_269038",
        "jid_269038",
        "jid_269042",
        "jid_269042",
        "jid_269042",
        "jid_269042",
        "jid_269042",
        "jid_269042",
        "jid_269042",
        "jid_269042",
        "jid_269042",
        "jid_269042",
        "jid_269042",
        "jid_269042",
        "jid_269042",
        "jid_269042",
        "jid_269042",
        "jid_269042",
        "jid_269042",
        "jid_269042",
        "jid_269042",
        "jid_269042",
        "jid_269042",
        "jid_269042",
        "jid_269042",
        "jid_269042",
        "jid_269044",
        "jid_269044",
        "jid_269044",
        "jid_269044",
        "jid_269044",
        "jid_269044",
        "jid_269044",
        "jid_269044",
        "jid_269044",
        "jid_269044",
        "jid_269044",
        "jid_269044",
        "jid_269044",
        "jid_269044",
        "jid_269044",
        "jid_269044",
        "jid_269044",
        "jid_269044",
        "jid_269044",
        "jid_269044",
        "jid_269044",
        "jid_269039",
        "jid_269039",
        "jid_269039",
        "jid_269039",
        "jid_269039",
        "jid_269039",
        "jid_269039",
        "jid_269039",
        "jid_269039",
        "jid_269039",
        "jid_269039",
        "jid_269039",
        "jid_269039",
        "jid_269039",
        "jid_269039",
        "jid_269039",
        "jid_269039",
        "jid_269039",
        "jid_269039",
        "jid_269267",
        "jid_269043",
        "jid_269043",
        "jid_269043",
        "jid_269043",
        "jid_269043",
        "jid_269043",
        "jid_269043",
        "jid_269043",
        "jid_269043",
        "jid_269043",
        "jid_269043",
        "jid_269043",
        "jid_269043",
        "jid_269043",
        "jid_269043",
        "jid_269043",
        "jid_269043",
        "jid_269043",
        "jid_269043",
        "jid_269043",
        "jid_269043",
        "jid_269043",
        "jid_269043",
        "jid_269043",
        "jid_269043",
        "jid_269043",
        "jid_269043",
        "jid_269043",
        "jid_269043",
        "jid_269043",
        "jid_269043",
        "jid_269062",
        "jid_269062",
        "jid_269062",
        "jid_269062",
        "jid_269062",
        "jid_269062",
        "jid_269062",
        "jid_269062",
        "jid_269062",
        "jid_269062",
        "jid_269062",
        "jid_269062",
        "jid_269062",
        "jid_269062",
        "jid_269062",
        "jid_269062",
        "jid_269062",
        "jid_269062",
        "jid_269062",
        "jid_269062",
        "jid_269062",
        "jid_269062",
        "jid_269062",
        "jid_269062",
        "jid_269062",
        "jid_269062",
        "jid_269062",
        "jid_269061",
        "jid_269061",
        "jid_269061",
        "jid_269061",
        "jid_269061",
        "jid_269061",
        "jid_269061",
        "jid_269061",
        "jid_269061",
        "jid_269061",
        "jid_269061",
        "jid_269061",
        "jid_269061",
        "jid_269061",
        "jid_269061",
        "jid_269061",
        "jid_269061",
        "jid_269061",
        "jid_269061",
        "jid_269061",
        "jid_269061",
        "jid_269061",
        "jid_269066",
        "jid_269066",
        "jid_269066",
        "jid_269066",
        "jid_269066",
        "jid_269066",
        "jid_269066",
        "jid_269066",
        "jid_269066",
        "jid_269066",
        "jid_269066",
        "jid_269066",
        "jid_269066",
        "jid_269066",
        "jid_269066",
        "jid_269066",
        "jid_269066",
        "jid_269066",
        "jid_269066",
        "jid_269066",
        "jid_269066",
        "jid_269066",
        "jid_269066",
        "jid_269066",
        "jid_269066",
        "jid_269066",
        "jid_269066",
        "jid_269066",
        "jid_269066",
        "jid_269066",
        "jid_269066",
        "jid_269066",
        "jid_269066",
        "jid_269066",
        "jid_269066",
        "jid_269066",
        "jid_269066",
        "jid_269066",
        "jid_269066",
        "jid_269066",
        "jid_269066",
        "jid_269066",
        "jid_269056",
        "jid_269056",
        "jid_269056",
        "jid_269056",
        "jid_269056",
        "jid_269056",
        "jid_269056",
        "jid_269056",
        "jid_269056",
        "jid_269056",
        "jid_269056",
        "jid_269056",
        "jid_269056",
        "jid_269056",
        "jid_269056",
        "jid_269056",
        "jid_269056",
        "jid_269056",
        "jid_269087",
        "jid_269087",
        "jid_269087",
        "jid_269087",
        "jid_269087",
        "jid_269087",
        "jid_269087",
        "jid_269087",
        "jid_269087",
        "jid_269087",
        "jid_269087",
        "jid_269087",
        "jid_269087",
        "jid_269087",
        "jid_269087",
        "jid_269087",
        "jid_269087",
        "jid_269087",
        "jid_269087",
        "jid_269087",
        "jid_269088",
        "jid_269088",
        "jid_269088",
        "jid_269088",
        "jid_269088",
        "jid_269088",
        "jid_269088",
        "jid_269088",
        "jid_269088",
        "jid_269088",
        "jid_269088",
        "jid_269088",
        "jid_269088",
        "jid_269088",
        "jid_269088",
        "jid_269088",
        "jid_269088",
        "jid_269088",
        "jid_269088",
        "jid_269088",
        "jid_269088",
        "jid_269088",
        "jid_269088",
        "jid_269088",
        "jid_269088",
        "jid_269088",
        "jid_269088",
        "jid_269115",
        "jid_269115",
        "jid_269115",
        "jid_269115",
        "jid_269115",
        "jid_269115",
        "jid_269115",
        "jid_269115",
        "jid_269115",
        "jid_269115",
        "jid_269115",
        "jid_269115",
        "jid_269115",
        "jid_269115",
        "jid_269115",
        "jid_269115",
        "jid_269115",
        "jid_269115",
        "jid_269115",
        "jid_269115",
        "jid_269115",
        "jid_269115",
        "jid_269115",
        "jid_269117",
        "jid_269117",
        "jid_269117",
        "jid_269117",
        "jid_269117",
        "jid_269117",
        "jid_269117",
        "jid_269117",
        "jid_269117",
        "jid_269117",
        "jid_269117",
        "jid_269117",
        "jid_269117",
        "jid_269117",
        "jid_269117",
        "jid_269117",
        "jid_269117",
        "jid_269117",
        "jid_269117",
        "jid_269117",
        "jid_269117",
        "jid_269117",
        "jid_269117",
        "jid_269117",
        "jid_269117",
        "jid_269117",
        "jid_269117",
        "jid_269117",
        "jid_269117",
        "jid_269117",
        "jid_269117",
        "jid_269117",
        "jid_269117",
        "jid_269133",
        "jid_269133",
        "jid_269133",
        "jid_269133",
        "jid_269133",
        "jid_269133",
        "jid_269133",
        "jid_269133",
        "jid_269133",
        "jid_269133",
        "jid_269133",
        "jid_269133",
        "jid_269133",
        "jid_269133",
        "jid_269133",
        "jid_269133",
        "jid_269133",
        "jid_269133",
        "jid_269133",
        "jid_269133",
        "jid_269133",
        "jid_269133",
        "jid_269133",
        "jid_269133",
        "jid_269133",
        "jid_269133",
        "jid_269133",
        "jid_269133",
        "jid_269151",
        "jid_269151",
        "jid_269151",
        "jid_269151",
        "jid_269151",
        "jid_269151",
        "jid_269151",
        "jid_269151",
        "jid_269151",
        "jid_269151",
        "jid_269151",
        "jid_269151",
        "jid_269151",
        "jid_269151",
        "jid_269151",
        "jid_269151",
        "jid_269151",
        "jid_269151",
        "jid_269151",
        "jid_269151",
        "jid_269185",
        "jid_269185",
        "jid_269185",
        "jid_269185",
        "jid_269185",
        "jid_269185",
        "jid_269185",
        "jid_269185",
        "jid_269185",
        "jid_269185",
        "jid_269185",
        "jid_269185",
        "jid_269185",
        "jid_269185",
        "jid_269185",
        "jid_269185",
        "jid_269185",
        "jid_269185",
        "jid_269185",
        "jid_269185",
        "jid_269185",
        "jid_269185",
        "jid_269185",
        "jid_269185",
        "jid_269185",
        "jid_269185",
        "jid_269185",
        "jid_269185",
        "jid_265924",
        "jid_265924",
        "jid_265924",
        "jid_265924",
        "jid_265924",
        "jid_265924",
        "jid_265924",
        "jid_265924",
        "jid_265924",
        "jid_265924",
        "jid_265924",
        "jid_265924",
        "jid_265924",
        "jid_265924",
        "jid_265924",
        "jid_265924",
        "jid_265924",
        "jid_265924",
        "jid_265924",
        "jid_265924",
        "jid_265924",
        "jid_265924",
        "jid_265924",
        "jid_265924",
        "jid_265924",
        "jid_269176",
        "jid_269176",
        "jid_269176",
        "jid_269176",
        "jid_269176",
        "jid_269176",
        "jid_269176",
        "jid_269176",
        "jid_269176",
        "jid_269176",
        "jid_269176",
        "jid_269176",
        "jid_269176",
        "jid_269176",
        "jid_269176",
        "jid_269176",
        "jid_269176",
        "jid_269176",
        "jid_269176",
        "jid_269176",
        "jid_269176",
        "jid_269176",
        "jid_269176",
        "jid_269176",
        "jid_269214",
        "jid_269348",
        "jid_270700",
        "jid_271709",
        "jid_271861",
        "jid_275283",
        "jid_272159",
        "jid_272159",
        "jid_269709",
        "jid_269333",
        "jid_271436",
        "jid_271516",
        "jid_271628",
        "jid_272098",
        "jid_268344",
        "jid_78224",
        "jid_78224",
        "jid_78224",
        "jid_278968",
        "jid_271715",
        "jid_268466",
        "jid_266107",
        "jid_266107",
        "jid_266107",
        "jid_266107",
        "jid_266107",
        "jid_266107",
        "jid_266107",
        "jid_266107",
        "jid_266107",
        "jid_266107",
        "jid_266107",
        "jid_266107",
        "jid_266107",
        "jid_266107",
        "jid_266107",
        "jid_266107",
        "jid_266107",
        "jid_266107",
        "jid_266107",
        "jid_266107",
        "jid_266107",
        "jid_266107",
        "jid_266107",
        "jid_266107",
        "jid_266107",
        "jid_266107",
        "jid_266107",
        "jid_266107",
        "jid_266107",
        "jid_266107",
        "jid_266107",
        "jid_266107",
        "jid_266107",
        "jid_266107",
        "jid_266107",
        "jid_266107",
        "jid_266107",
        "jid_266107",
        "jid_266107",
        "jid_266107",
        "jid_266107",
        "jid_266107",
        "jid_266107",
        "jid_266107",
        "jid_266107",
        "jid_266107",
        "jid_266107",
        "jid_266107",
        "jid_266107",
        "jid_266107",
        "jid_266107",
        "jid_266107",
        "jid_266107",
        "jid_266107",
        "jid_266107",
        "jid_266107",
        "jid_266107",
        "jid_266107",
        "jid_266107",
        "jid_266107",
        "jid_266107",
        "jid_266107",
        "jid_266107",
        "jid_266107",
        "jid_266107",
        "jid_266107",
        "jid_266107",
        "jid_266107",
        "jid_266107",
        "jid_266107",
        "jid_266107",
        "jid_266107",
        "jid_266107",
        "jid_266107",
        "jid_266107",
        "jid_266107",
        "jid_266107",
        "jid_266107",
        "jid_266107",
        "jid_266107",
        "jid_266107",
        "jid_266107",
        "jid_266107",
        "jid_266107",
        "jid_266107",
        "jid_266107",
        "jid_266107",
        "jid_266107",
        "jid_266107",
        "jid_266107",
        "jid_266107",
        "jid_266107",
        "jid_266107",
        "jid_266107",
        "jid_268744",
        "jid_268744",
        "jid_268744",
        "jid_268744",
        "jid_268744",
        "jid_268744",
        "jid_268744",
        "jid_268744",
        "jid_268744",
        "jid_268744",
        "jid_268744",
        "jid_268744",
        "jid_268744",
        "jid_268744",
        "jid_268744",
        "jid_268744",
        "jid_268744",
        "jid_268744",
        "jid_268744",
        "jid_268744",
        "jid_268744",
        "jid_268744",
        "jid_268744",
        "jid_268744",
        "jid_268744",
        "jid_268744",
        "jid_268744",
        "jid_268744",
        "jid_268744",
        "jid_268744",
        "jid_268744",
        "jid_268744",
        "jid_268744",
        "jid_268744",
        "jid_268744",
        "jid_268744",
        "jid_268744",
        "jid_268744",
        "jid_268744",
        "jid_268744",
        "jid_268744",
        "jid_268744",
        "jid_268744",
        "jid_268744",
        "jid_268744",
        "jid_268744",
        "jid_268744",
        "jid_268744",
        "jid_268744",
        "jid_268744",
        "jid_268744",
        "jid_268744",
        "jid_268744",
        "jid_268744",
        "jid_268744",
        "jid_268744",
        "jid_268744",
        "jid_268744",
        "jid_268744",
        "jid_268744",
        "jid_268744",
        "jid_268744",
        "jid_268744",
        "jid_268744",
        "jid_268744",
        "jid_268744",
        "jid_268744",
        "jid_268744",
        "jid_268744",
        "jid_268744",
        "jid_268744",
        "jid_268744",
        "jid_268744",
        "jid_268744",
        "jid_269574",
        "jid_269625",
        "jid_269575",
        "jid_269601",
        "jid_269596",
        "jid_269675",
        "jid_269588",
        "jid_269580",
        "jid_269619",
        "jid_269602",
        "jid_269591",
        "jid_269599",
        "jid_269644",
        "jid_269620",
        "jid_271141",
        "jid_269645",
        "jid_269658",
        "jid_269658",
        "jid_269658",
        "jid_271397",
        "jid_271409",
        "jid_270921",
        "jid_271501",
        "jid_271374",
        "jid_271544",
        "jid_271683",
        "jid_271714",
        "jid_271646",
        "jid_271905",
        "jid_271960",
        "jid_271356",
        "jid_271377",
        "jid_271365",
        "jid_271365",
        "jid_271365",
        "jid_271365",
        "jid_271365",
        "jid_271365",
        "jid_271365",
        "jid_271365",
        "jid_271365",
        "jid_271365",
        "jid_271365",
        "jid_271365",
        "jid_271365",
        "jid_271365",
        "jid_271365",
        "jid_271365",
        "jid_271365",
        "jid_271365",
        "jid_271365",
        "jid_271365",
        "jid_271365",
        "jid_271365",
        "jid_271365",
        "jid_271365",
        "jid_271365",
        "jid_271365",
        "jid_271365",
        "jid_271365",
        "jid_271365",
        "jid_271365",
        "jid_271365",
        "jid_271365",
        "jid_271365",
        "jid_271365",
        "jid_271365",
        "jid_271365",
        "jid_271365",
        "jid_271365",
        "jid_271365",
        "jid_271365",
        "jid_271365",
        "jid_271365",
        "jid_271365",
        "jid_271365",
        "jid_271365",
        "jid_271365",
        "jid_271365",
        "jid_271365",
        "jid_271365",
        "jid_271365",
        "jid_271365",
        "jid_271365",
        "jid_271365",
        "jid_271365",
        "jid_271365",
        "jid_271365",
        "jid_271365",
        "jid_271365",
        "jid_271365",
        "jid_271365",
        "jid_271365",
        "jid_271365",
        "jid_271365",
        "jid_271365",
        "jid_271365",
        "jid_271365",
        "jid_271365",
        "jid_271365",
        "jid_271365",
        "jid_271365",
        "jid_271365",
        "jid_271365",
        "jid_271365",
        "jid_271365",
        "jid_271365",
        "jid_271727",
        "jid_271727",
        "jid_271727",
        "jid_271727",
        "jid_271727",
        "jid_271727",
        "jid_271727",
        "jid_271727",
        "jid_271727",
        "jid_271727",
        "jid_271727",
        "jid_271727",
        "jid_271727",
        "jid_271727",
        "jid_271727",
        "jid_271727",
        "jid_271727",
        "jid_271727",
        "jid_271727",
        "jid_271727",
        "jid_271727",
        "jid_271727",
        "jid_271727",
        "jid_271727",
        "jid_271727",
        "jid_271727",
        "jid_271727",
        "jid_271727",
        "jid_271727",
        "jid_271727",
        "jid_271727",
        "jid_271727",
        "jid_271727",
        "jid_271727",
        "jid_271727",
        "jid_271727",
        "jid_271727",
        "jid_271727",
        "jid_271727",
        "jid_271727",
        "jid_271727",
        "jid_271727",
        "jid_271727",
        "jid_271727",
        "jid_271727",
        "jid_271727",
        "jid_271727",
        "jid_271727",
        "jid_271727",
        "jid_271727",
        "jid_271727",
        "jid_271727",
        "jid_271727",
        "jid_271727",
        "jid_271727",
        "jid_271727",
        "jid_271727",
        "jid_271727",
        "jid_271727",
        "jid_271727",
        "jid_271727",
        "jid_271727",
        "jid_271727",
        "jid_271727",
        "jid_271727",
        "jid_271727",
        "jid_271727",
        "jid_271727",
        "jid_271727",
        "jid_271727",
        "jid_271727",
        "jid_271727",
        "jid_271727",
        "jid_271727",
        "jid_271727",
        "jid_271727",
        "jid_271727",
        "jid_271727",
        "jid_271727",
        "jid_271727",
        "jid_271727",
        "jid_271727",
        "jid_271727",
        "jid_271727",
        "jid_271727",
        "jid_271727",
        "jid_272133",
        "jid_271615",
        "jid_271651",
        "jid_271721",
        "jid_271648",
        "jid_275694",
        "jid_275734",
        "jid_275802",
        "jid_275839",
        "jid_275855",
        "jid_275821",
        "jid_275892",
        "jid_275983",
        "jid_276900",
        "jid_277263",
        "jid_277320",
        "jid_278053",
        "jid_277249",
        "jid_282035",
        "jid_52883",
        "jid_52883",
        "jid_269080",
        "jid_269162",
        "jid_269162",
        "jid_269162",
        "jid_268893",
        "jid_268902",
        "jid_268912",
        "jid_268914",
        "jid_268920",
        "jid_268901",
        "jid_268922",
        "jid_268975",
        "jid_268931",
        "jid_268926",
        "jid_268947",
        "jid_268946",
        "jid_268971",
        "jid_268960",
        "jid_268932",
        "jid_268956",
        "jid_268961",
        "jid_268930",
        "jid_268993",
        "jid_75444",
        "jid_75444",
        "jid_271403",
        "jid_271403",
        "jid_271546",
        "jid_271546",
        "jid_271546",
        "jid_272154",
        "jid_272154",
        "jid_269394",
        "jid_269065",
        "jid_270835",
        "jid_75885",
        "jid_275480",
        "jid_275531",
        "jid_275531",
        "jid_275456",
        "jid_275456",
        "jid_275418",
        "jid_275418",
        "jid_275450",
        "jid_275325",
        "jid_275513",
        "jid_275513",
        "jid_275552",
        "jid_275415",
        "jid_275409",
        "jid_275409",
        "jid_275433",
        "jid_275433",
        "jid_275748",
        "jid_275748",
        "jid_275748",
        "jid_275538",
        "jid_275528",
        "jid_275420",
        "jid_275117",
        "jid_275091",
        "jid_275569",
        "jid_275332",
        "jid_271793",
        "jid_273915",
        "jid_270894",
        "jid_268375",
        "jid_268852",
        "jid_278948",
        "jid_77966",
        "jid_77966",
        "jid_271791",
        "jid_271791",
        "jid_271791",
        "jid_271791",
        "jid_268433",
        "jid_268843",
        "jid_270811",
        "jid_270811",
        "jid_72644",
        "jid_72644",
        "jid_72819",
        "jid_72819",
        "jid_72641",
        "jid_72642",
        "jid_72642",
        "jid_72814",
        "jid_72814",
        "jid_72818",
        "jid_72816",
        "jid_72816",
        "jid_72816",
        "jid_72821",
        "jid_72821",
        "jid_269240",
        "jid_273702",
        "jid_275146",
        "jid_271642",
        "jid_271003",
        "jid_270887",
        "jid_270941",
        "jid_270908",
        "jid_271006",
        "jid_270659",
        "jid_272001",
        "jid_74423",
        "jid_74423",
        "jid_272008",
        "jid_76001",
        "jid_77817",
        "jid_77817",
        "jid_77817",
        "jid_77793",
        "jid_77793",
        "jid_77793",
        "jid_77793",
        "jid_77679",
        "jid_77679",
        "jid_77797",
        "jid_77797",
        "jid_77753",
        "jid_76446",
        "jid_76446",
        "jid_77069",
        "jid_77069",
        "jid_77069",
        "jid_77069",
        "jid_275908",
        "jid_275908",
        "jid_275908",
        "jid_76865",
        "jid_76865",
        "jid_275754",
        "jid_276048",
        "jid_275554",
        "jid_275475",
        "jid_272188",
        "jid_272016",
        "jid_271443",
        "jid_271444",
        "jid_271442",
        "jid_271444",
        "jid_271446",
        "jid_271446",
        "jid_271447",
        "jid_271453",
        "jid_271447",
        "jid_271447",
        "jid_271452",
        "jid_271453",
        "jid_271454",
        "jid_271452",
        "jid_271452",
        "jid_271454",
        "jid_271455",
        "jid_271455",
        "jid_271455",
        "jid_271455",
        "jid_271460",
        "jid_271463",
        "jid_271463",
        "jid_271460",
        "jid_271460",
        "jid_271466",
        "jid_271464",
        "jid_271464",
        "jid_271464",
        "jid_271461",
        "jid_271466",
        "jid_271461",
        "jid_271461",
        "jid_271468",
        "jid_271461",
        "jid_271461",
        "jid_271457",
        "jid_271459",
        "jid_271462",
        "jid_271459",
        "jid_271467",
        "jid_271467",
        "jid_271465",
        "jid_271456",
        "jid_271456",
        "jid_271470",
        "jid_271470",
        "jid_271470",
        "jid_275931",
        "jid_275918",
        "jid_275920",
        "jid_275888",
        "jid_275507",
        "jid_271725",
        "jid_271732",
        "jid_271732",
        "jid_271732",
        "jid_271730",
        "jid_271731",
        "jid_271731",
        "jid_271730",
        "jid_271736",
        "jid_271733",
        "jid_271726",
        "jid_271726",
        "jid_271726",
        "jid_271726",
        "jid_271728",
        "jid_271729",
        "jid_271734",
        "jid_271734",
        "jid_271735",
        "jid_271735",
        "jid_271739",
        "jid_271739",
        "jid_271739",
        "jid_271739",
        "jid_271738",
        "jid_271742",
        "jid_271742",
        "jid_271738",
        "jid_271760",
        "jid_271760",
        "jid_271760",
        "jid_271752",
        "jid_271748",
        "jid_271748",
        "jid_271755",
        "jid_271744",
        "jid_271755",
        "jid_271755",
        "jid_271747",
        "jid_271747",
        "jid_271745",
        "jid_271745",
        "jid_275132",
        "jid_275132",
        "jid_275132",
        "jid_275133",
        "jid_275562",
        "jid_275713",
        "jid_275501",
        "jid_276197",
        "jid_275613",
        "jid_276193",
        "jid_275459",
        "jid_275362",
        "jid_74917",
        "jid_74917",
        "jid_75743",
        "jid_75743",
        "jid_75743",
        "jid_275148",
        "jid_75743",
        "jid_75675",
        "jid_275074",
        "jid_275107",
        "jid_74968",
        "jid_275074",
        "jid_74968",
        "jid_74968",
        "jid_75059",
        "jid_75059",
        "jid_75059",
        "jid_275049",
        "jid_275127",
        "jid_275127",
        "jid_275127",
        "jid_275127",
        "jid_74908",
        "jid_74908",
        "jid_275058",
        "jid_275058",
        "jid_71555",
        "jid_275058",
        "jid_275058",
        "jid_275058",
        "jid_81653",
        "jid_275176",
        "jid_275176",
        "jid_74316",
        "jid_271894",
        "jid_274901",
        "jid_275939",
        "jid_275761",
        "jid_275624",
        "jid_276185",
        "jid_276204",
        "jid_77881",
        "jid_276561",
        "jid_272040",
        "jid_272196",
        "jid_272190",
        "jid_272303",
        "jid_272273",
        "jid_272302",
        "jid_272265",
        "jid_272350",
        "jid_275642",
        "jid_275642",
        "jid_275642",
        "jid_275642",
        "jid_275567",
        "jid_271838",
        "jid_77838",
        "jid_77838",
        "jid_77838",
        "jid_71246",
        "jid_269729",
        "jid_271844",
        "jid_271915",
        "jid_275077",
        "jid_274108",
        "jid_78875",
        "jid_277086",
        "jid_272187",
        "jid_271723",
        "jid_270829",
        "jid_269739",
        "jid_269535",
        "jid_269537",
        "jid_269535",
        "jid_269537",
        "jid_269537",
        "jid_269517",
        "jid_269400",
        "jid_269400",
        "jid_269409",
        "jid_275277",
        "jid_275306",
        "jid_275324",
        "jid_275313",
        "jid_275315",
        "jid_275318",
        "jid_269179",
        "jid_269208",
        "jid_271344",
        "jid_271883",
        "jid_279584",
        "jid_271944",
        "jid_272086",
        "jid_275351",
        "jid_277370",
        "jid_268477",
        "jid_268485",
        "jid_275169",
        "jid_271839",
        "jid_269384",
        "jid_271959",
        "jid_276928"
    ],
    "Jobs <= 5 nodes": 2591,
    "Jobs <= 50 nodes": 789,
    "Jobs <= 250 nodes": 77,
    "Jobs > 250 nodes": 198,
    "min job size": 1,
    "max job size": 20480,
    "average job size": 233.8640218878249,
    "min runtime": 0,
    "max runtime": 38636,
    "average runtime": 634.6809849521204,
    "min energy": 0.0,
    "max energy": 18839572897.959312,
    "avg energy": 16423462.42459963,
    "min edp": 0.0,
    "max edp": 132388987700245.23,
    "avg edp": 97708159595.63991,
    "min edp^2": 0.0,
    "max edp^2": 4.531939826954795e+18,
    "avg edp^2": 1973480571400006.0,
    "min_aggregate_node_hours": 0,
    "max_aggregate_node_hours": 106741760,
    "avg_aggregate_node_hours": 93809.34117647058,
    "min_wait_time": 0,
    "max_wait_time": 2871,
    "average_wait_time": 146.85663474692203,
    "min_turnaround_time": 0,
    "max_turnaround_time": 39851,
    "average_turnaround_time": 781.5376196990424,
    "min_area_weighted_response_time": 0,
    "max_area_weighted_response_time": 760640517120,
    "area_weighted_avg_response_time": 6032.9696151499675,
    "priority_weighted_specific_response_time": 21938.435395724027
}