{
    "num_samples": 8640,
    "average power": "4.82 MW",
    "min loss": "0.65 MW",
    "average loss": "0.74 MW",
    "max loss": "0.74 MW",
    "system power efficiency": "84.69%",
    "total energy consumed": "115.61 MW-hr",
    "carbon emissions": "52.77 metric tons CO2",
    "total cost": "$10867.43"
}{
    "jobs completed": 2826,
    "throughput": "117.75 jobs/hour",
    "jobs still running": [],
    "jobs still in queue": [
        "jid_276031",
        "jid_270894",
        "jid_268375",
        "jid_268344",
        "jid_268852",
        "jid_278948",
        "jid_77966",
        "jid_77966",
        "jid_277249",
        "jid_282035",
        "jid_52883",
        "jid_52883",
        "jid_271791",
        "jid_271791",
        "jid_271791",
        "jid_271791",
        "jid_269080",
        "jid_269162",
        "jid_268445",
        "jid_268445",
        "jid_268445",
        "jid_268445",
        "jid_268445",
        "jid_268445",
        "jid_268445",
        "jid_268445",
        "jid_268445",
        "jid_268445",
        "jid_268445",
        "jid_268445",
        "jid_268445",
        "jid_268445",
        "jid_268445",
        "jid_268445",
        "jid_268445",
        "jid_268445",
        "jid_268445",
        "jid_268445",
        "jid_268445",
        "jid_268445",
        "jid_268445",
        "jid_268445",
        "jid_268445",
        "jid_268445",
        "jid_268445",
        "jid_268445",
        "jid_268445",
        "jid_268445",
        "jid_269162",
        "jid_269162",
        "jid_268433",
        "jid_268477",
        "jid_268843",
        "jid_268485",
        "jid_270811",
        "jid_270811",
        "jid_268466",
        "jid_266107",
        "jid_266107",
        "jid_266107",
        "jid_266107",
        "jid_266107",
        "jid_266107",
        "jid_266107",
        "jid_266107",
        "jid_266107",
        "jid_266107",
        "jid_266107",
        "jid_266107",
        "jid_266107",
        "jid_266107",
        "jid_266107",
        "jid_266107",
        "jid_266107",
        "jid_266107",
        "jid_266107",
        "jid_266107",
        "jid_266107",
        "jid_266107",
        "jid_266107",
        "jid_266107",
        "jid_266107",
        "jid_266107",
        "jid_266107",
        "jid_266107",
        "jid_266107",
        "jid_266107",
        "jid_266107",
        "jid_266107",
        "jid_266107",
        "jid_266107",
        "jid_266107",
        "jid_266107",
        "jid_266107",
        "jid_266107",
        "jid_266107",
        "jid_266107",
        "jid_266107",
        "jid_266107",
        "jid_266107",
        "jid_266107",
        "jid_266107",
        "jid_266107",
        "jid_266107",
        "jid_266107",
        "jid_266107",
        "jid_266107",
        "jid_266107",
        "jid_266107",
        "jid_266107",
        "jid_266107",
        "jid_266107",
        "jid_266107",
        "jid_266107",
        "jid_266107",
        "jid_266107",
        "jid_266107",
        "jid_266107",
        "jid_266107",
        "jid_266107",
        "jid_266107",
        "jid_266107",
        "jid_266107",
        "jid_266107",
        "jid_266107",
        "jid_266107",
        "jid_266107",
        "jid_266107",
        "jid_266107",
        "jid_266107",
        "jid_266107",
        "jid_266107",
        "jid_266107",
        "jid_266107",
        "jid_266107",
        "jid_266107",
        "jid_266107",
        "jid_266107",
        "jid_266107",
        "jid_266107",
        "jid_266107",
        "jid_266107",
        "jid_266107",
        "jid_266107",
        "jid_266107",
        "jid_266107",
        "jid_266107",
        "jid_266107",
        "jid_266107",
        "jid_266107",
        "jid_266107",
        "jid_268744",
        "jid_268744",
        "jid_268744",
        "jid_268744",
        "jid_268744",
        "jid_268744",
        "jid_268744",
        "jid_268744",
        "jid_268744",
        "jid_268744",
        "jid_268744",
        "jid_268744",
        "jid_268744",
        "jid_268744",
        "jid_268744",
        "jid_268744",
        "jid_268744",
        "jid_268744",
        "jid_268744",
        "jid_268744",
        "jid_268744",
        "jid_268744",
        "jid_268744",
        "jid_268744",
        "jid_268744",
        "jid_268744",
        "jid_268744",
        "jid_268744",
        "jid_268744",
        "jid_268744",
        "jid_268744",
        "jid_268744",
        "jid_268744",
        "jid_268744",
        "jid_268744",
        "jid_268744",
        "jid_268744",
        "jid_268744",
        "jid_268744",
        "jid_268744",
        "jid_268744",
        "jid_268744",
        "jid_268744",
        "jid_268744",
        "jid_268744",
        "jid_268744",
        "jid_268744",
        "jid_268744",
        "jid_268744",
        "jid_268744",
        "jid_268744",
        "jid_268744",
        "jid_268744",
        "jid_268744",
        "jid_268744",
        "jid_268744",
        "jid_268744",
        "jid_268744",
        "jid_268744",
        "jid_268744",
        "jid_268744",
        "jid_268744",
        "jid_268744",
        "jid_268744",
        "jid_268744",
        "jid_268744",
        "jid_268744",
        "jid_268744",
        "jid_268744",
        "jid_268744",
        "jid_268744",
        "jid_268744",
        "jid_268744",
        "jid_268744",
        "jid_75444",
        "jid_75444",
        "jid_271403",
        "jid_271403",
        "jid_268542",
        "jid_268542",
        "jid_268542",
        "jid_268542",
        "jid_268542",
        "jid_268542",
        "jid_268542",
        "jid_268542",
        "jid_268542",
        "jid_268542",
        "jid_268542",
        "jid_268542",
        "jid_268542",
        "jid_268542",
        "jid_268542",
        "jid_268542",
        "jid_268542",
        "jid_268542",
        "jid_268542",
        "jid_268542",
        "jid_268542",
        "jid_268542",
        "jid_268542",
        "jid_268542",
        "jid_271546",
        "jid_271546",
        "jid_271546",
        "jid_269574",
        "jid_269625",
        "jid_269575",
        "jid_269601",
        "jid_269596",
        "jid_269675",
        "jid_269588",
        "jid_269580",
        "jid_269619",
        "jid_269602",
        "jid_269591",
        "jid_269599",
        "jid_269644",
        "jid_272154",
        "jid_269620",
        "jid_272154",
        "jid_269394",
        "jid_272187",
        "jid_271723",
        "jid_270829",
        "jid_269739",
        "jid_269535",
        "jid_269537",
        "jid_269535",
        "jid_269537",
        "jid_269537",
        "jid_269517",
        "jid_269400",
        "jid_269400",
        "jid_269409",
        "jid_271141",
        "jid_269729",
        "jid_269502",
        "jid_269502",
        "jid_269502",
        "jid_269645",
        "jid_269564",
        "jid_269658",
        "jid_269658",
        "jid_269658",
        "jid_269033",
        "jid_269598",
        "jid_269598",
        "jid_269065",
        "jid_268788",
        "jid_268788",
        "jid_268788",
        "jid_268788",
        "jid_268788",
        "jid_268788",
        "jid_268788",
        "jid_268788",
        "jid_268788",
        "jid_268788",
        "jid_268788",
        "jid_268788",
        "jid_268788",
        "jid_268788",
        "jid_268788",
        "jid_268788",
        "jid_268788",
        "jid_268788",
        "jid_268788",
        "jid_268788",
        "jid_268788",
        "jid_268788",
        "jid_268788",
        "jid_268788",
        "jid_268788",
        "jid_268622",
        "jid_268848",
        "jid_268848",
        "jid_268848",
        "jid_268848",
        "jid_268848",
        "jid_268848",
        "jid_268848",
        "jid_268848",
        "jid_268848",
        "jid_268848",
        "jid_268848",
        "jid_268848",
        "jid_268848",
        "jid_268848",
        "jid_268848",
        "jid_268848",
        "jid_268848",
        "jid_268848",
        "jid_268848",
        "jid_268848",
        "jid_268848",
        "jid_268848",
        "jid_268848",
        "jid_268848",
        "jid_268848",
        "jid_268848",
        "jid_268875",
        "jid_268875",
        "jid_268875",
        "jid_268875",
        "jid_268875",
        "jid_268875",
        "jid_268875",
        "jid_268875",
        "jid_268875",
        "jid_268875",
        "jid_268875",
        "jid_268875",
        "jid_268875",
        "jid_268875",
        "jid_268875",
        "jid_268875",
        "jid_268875",
        "jid_268875",
        "jid_268875",
        "jid_268875",
        "jid_268875",
        "jid_268875",
        "jid_268875",
        "jid_268875",
        "jid_268875",
        "jid_268875",
        "jid_268875",
        "jid_268875",
        "jid_268875",
        "jid_268875",
        "jid_77838",
        "jid_268893",
        "jid_268902",
        "jid_268912",
        "jid_268914",
        "jid_268920",
        "jid_268901",
        "jid_268922",
        "jid_268975",
        "jid_268931",
        "jid_268926",
        "jid_268947",
        "jid_268946",
        "jid_268971",
        "jid_268960",
        "jid_268932",
        "jid_268956",
        "jid_268961",
        "jid_268930",
        "jid_268993",
        "jid_269709",
        "jid_269017",
        "jid_269017",
        "jid_269017",
        "jid_269017",
        "jid_269017",
        "jid_269017",
        "jid_269017",
        "jid_269017",
        "jid_269017",
        "jid_269017",
        "jid_269017",
        "jid_269017",
        "jid_269017",
        "jid_269017",
        "jid_269017",
        "jid_269017",
        "jid_269017",
        "jid_269017",
        "jid_269017",
        "jid_269017",
        "jid_269017",
        "jid_269017",
        "jid_269017",
        "jid_269017",
        "jid_269017",
        "jid_269008",
        "jid_269008",
        "jid_269008",
        "jid_269008",
        "jid_269008",
        "jid_269008",
        "jid_269008",
        "jid_269008",
        "jid_269008",
        "jid_269008",
        "jid_269008",
        "jid_269008",
        "jid_269008",
        "jid_269008",
        "jid_269008",
        "jid_269008",
        "jid_269008",
        "jid_269008",
        "jid_269008",
        "jid_269008",
        "jid_269008",
        "jid_269008",
        "jid_269008",
        "jid_269008",
        "jid_269008",
        "jid_269008",
        "jid_269008",
        "jid_269008",
        "jid_269021",
        "jid_269021",
        "jid_269021",
        "jid_269021",
        "jid_269021",
        "jid_269021",
        "jid_269021",
        "jid_269021",
        "jid_269021",
        "jid_269021",
        "jid_269021",
        "jid_269021",
        "jid_269021",
        "jid_269021",
        "jid_269021",
        "jid_269021",
        "jid_269021",
        "jid_269021",
        "jid_269021",
        "jid_269021",
        "jid_269021",
        "jid_269021",
        "jid_269021",
        "jid_268799",
        "jid_269024",
        "jid_269024",
        "jid_269024",
        "jid_269024",
        "jid_269024",
        "jid_269024",
        "jid_269024",
        "jid_269024",
        "jid_269024",
        "jid_269024",
        "jid_269024",
        "jid_269024",
        "jid_269024",
        "jid_269024",
        "jid_269024",
        "jid_269024",
        "jid_269024",
        "jid_269024",
        "jid_269024",
        "jid_269024",
        "jid_269024",
        "jid_269024",
        "jid_269024",
        "jid_269024",
        "jid_269024",
        "jid_269024",
        "jid_269024",
        "jid_269024",
        "jid_269024",
        "jid_269024",
        "jid_269330",
        "jid_268838",
        "jid_269028",
        "jid_269028",
        "jid_269028",
        "jid_269028",
        "jid_269028",
        "jid_269028",
        "jid_269028",
        "jid_269028",
        "jid_269028",
        "jid_269028",
        "jid_269028",
        "jid_269028",
        "jid_269028",
        "jid_269028",
        "jid_269028",
        "jid_269028",
        "jid_269028",
        "jid_269028",
        "jid_269028",
        "jid_269028",
        "jid_269028",
        "jid_269028",
        "jid_269028",
        "jid_269028",
        "jid_269028",
        "jid_269036",
        "jid_269036",
        "jid_269036",
        "jid_269036",
        "jid_269036",
        "jid_269036",
        "jid_269036",
        "jid_269036",
        "jid_269036",
        "jid_269036",
        "jid_269036",
        "jid_269036",
        "jid_269036",
        "jid_269036",
        "jid_269036",
        "jid_269036",
        "jid_269036",
        "jid_269036",
        "jid_269036",
        "jid_269036",
        "jid_269036",
        "jid_269036",
        "jid_269036",
        "jid_269036",
        "jid_269036",
        "jid_72644",
        "jid_72644",
        "jid_269038",
        "jid_269038",
        "jid_269038",
        "jid_269038",
        "jid_269038",
        "jid_269038",
        "jid_269038",
        "jid_269038",
        "jid_269038",
        "jid_269038",
        "jid_269038",
        "jid_269038",
        "jid_269038",
        "jid_269038",
        "jid_269038",
        "jid_269038",
        "jid_269038",
        "jid_269038",
        "jid_269038",
        "jid_269038",
        "jid_269038",
        "jid_269038",
        "jid_269038",
        "jid_269038",
        "jid_269038",
        "jid_269038",
        "jid_269038",
        "jid_72819",
        "jid_72819",
        "jid_72641",
        "jid_72642",
        "jid_72642",
        "jid_269042",
        "jid_269042",
        "jid_269042",
        "jid_269042",
        "jid_269042",
        "jid_269042",
        "jid_269042",
        "jid_269042",
        "jid_269042",
        "jid_269042",
        "jid_269042",
        "jid_269042",
        "jid_269042",
        "jid_269042",
        "jid_269042",
        "jid_269042",
        "jid_269042",
        "jid_269042",
        "jid_269042",
        "jid_269042",
        "jid_269042",
        "jid_269042",
        "jid_269042",
        "jid_269042",
        "jid_269044",
        "jid_269044",
        "jid_269044",
        "jid_269044",
        "jid_269044",
        "jid_269044",
        "jid_269044",
        "jid_269044",
        "jid_269044",
        "jid_269044",
        "jid_269044",
        "jid_269044",
        "jid_269044",
        "jid_269044",
        "jid_269044",
        "jid_269044",
        "jid_269044",
        "jid_269044",
        "jid_269044",
        "jid_269044",
        "jid_269044",
        "jid_269039",
        "jid_269039",
        "jid_269039",
        "jid_269039",
        "jid_269039",
        "jid_269039",
        "jid_269039",
        "jid_269039",
        "jid_269039",
        "jid_269039",
        "jid_269039",
        "jid_269039",
        "jid_269039",
        "jid_269039",
        "jid_269039",
        "jid_269039",
        "jid_269039",
        "jid_269039",
        "jid_269039",
        "jid_72814",
        "jid_72814",
        "jid_72818",
        "jid_72816",
        "jid_72816",
        "jid_72816",
        "jid_72821",
        "jid_72821",
        "jid_269267",
        "jid_269043",
        "jid_269043",
        "jid_269043",
        "jid_269043",
        "jid_269043",
        "jid_269043",
        "jid_269043",
        "jid_269043",
        "jid_269043",
        "jid_269043",
        "jid_269043",
        "jid_269043",
        "jid_269043",
        "jid_269043",
        "jid_269043",
        "jid_269043",
        "jid_269043",
        "jid_269043",
        "jid_269043",
        "jid_269043",
        "jid_269043",
        "jid_269043",
        "jid_269043",
        "jid_269043",
        "jid_269043",
        "jid_269043",
        "jid_269043",
        "jid_269043",
        "jid_269043",
        "jid_269043",
        "jid_269043",
        "jid_269062",
        "jid_269062",
        "jid_269062",
        "jid_269062",
        "jid_269062",
        "jid_269062",
        "jid_269062",
        "jid_269062",
        "jid_269062",
        "jid_269062",
        "jid_269062",
        "jid_269062",
        "jid_269062",
        "jid_269062",
        "jid_269062",
        "jid_269062",
        "jid_269062",
        "jid_269062",
        "jid_269062",
        "jid_269062",
        "jid_269062",
        "jid_269062",
        "jid_269062",
        "jid_269062",
        "jid_269062",
        "jid_269062",
        "jid_269062",
        "jid_275169",
        "jid_269061",
        "jid_269061",
        "jid_269061",
        "jid_269061",
        "jid_269061",
        "jid_269061",
        "jid_269061",
        "jid_269061",
        "jid_269061",
        "jid_269061",
        "jid_269061",
        "jid_269061",
        "jid_269061",
        "jid_269061",
        "jid_269061",
        "jid_269061",
        "jid_269061",
        "jid_269061",
        "jid_269061",
        "jid_269061",
        "jid_269061",
        "jid_269061",
        "jid_269066",
        "jid_269066",
        "jid_269066",
        "jid_269066",
        "jid_269066",
        "jid_269066",
        "jid_269066",
        "jid_269066",
        "jid_269066",
        "jid_269066",
        "jid_269066",
        "jid_269066",
        "jid_269066",
        "jid_269066",
        "jid_269066",
        "jid_269066",
        "jid_269066",
        "jid_269066",
        "jid_269066",
        "jid_269066",
        "jid_269066",
        "jid_269066",
        "jid_269066",
        "jid_269066",
        "jid_269066",
        "jid_269066",
        "jid_269066",
        "jid_269066",
        "jid_269066",
        "jid_269066",
        "jid_269066",
        "jid_269066",
        "jid_269066",
        "jid_269066",
        "jid_269066",
        "jid_269066",
        "jid_269066",
        "jid_269066",
        "jid_269066",
        "jid_269066",
        "jid_269066",
        "jid_269066",
        "jid_275277",
        "jid_269056",
        "jid_269056",
        "jid_269056",
        "jid_269056",
        "jid_269056",
        "jid_269056",
        "jid_269056",
        "jid_269056",
        "jid_269056",
        "jid_269056",
        "jid_269056",
        "jid_269056",
        "jid_269056",
        "jid_269056",
        "jid_269056",
        "jid_269056",
        "jid_269056",
        "jid_269056",
        "jid_269087",
        "jid_269087",
        "jid_269087",
        "jid_269087",
        "jid_269087",
        "jid_269087",
        "jid_269087",
        "jid_269087",
        "jid_269087",
        "jid_269087",
        "jid_269087",
        "jid_269087",
        "jid_269087",
        "jid_269087",
        "jid_269087",
        "jid_269087",
        "jid_269087",
        "jid_269087",
        "jid_269087",
        "jid_269087",
        "jid_269088",
        "jid_269088",
        "jid_269088",
        "jid_269088",
        "jid_269088",
        "jid_269088",
        "jid_269088",
        "jid_269088",
        "jid_269088",
        "jid_269088",
        "jid_269088",
        "jid_269088",
        "jid_269088",
        "jid_269088",
        "jid_269088",
        "jid_269088",
        "jid_269088",
        "jid_269088",
        "jid_269088",
        "jid_269088",
        "jid_269088",
        "jid_269088",
        "jid_269088",
        "jid_269088",
        "jid_269088",
        "jid_269088",
        "jid_269088",
        "jid_269115",
        "jid_269115",
        "jid_269115",
        "jid_269115",
        "jid_269115",
        "jid_269115",
        "jid_269115",
        "jid_269115",
        "jid_269115",
        "jid_269115",
        "jid_269115",
        "jid_269115",
        "jid_269115",
        "jid_269115",
        "jid_269115",
        "jid_269115",
        "jid_269115",
        "jid_269115",
        "jid_269115",
        "jid_269115",
        "jid_269115",
        "jid_269115",
        "jid_269115",
        "jid_268774",
        "jid_268767",
        "jid_275306",
        "jid_275324",
        "jid_275313",
        "jid_275315",
        "jid_275318",
        "jid_269117",
        "jid_269117",
        "jid_269117",
        "jid_269117",
        "jid_269117",
        "jid_269117",
        "jid_269117",
        "jid_269117",
        "jid_269117",
        "jid_269117",
        "jid_269117",
        "jid_269117",
        "jid_269117",
        "jid_269117",
        "jid_269117",
        "jid_269117",
        "jid_269117",
        "jid_269117",
        "jid_269117",
        "jid_269117",
        "jid_269117",
        "jid_269117",
        "jid_269117",
        "jid_269117",
        "jid_269117",
        "jid_269117",
        "jid_269117",
        "jid_269117",
        "jid_269117",
        "jid_269117",
        "jid_269117",
        "jid_269117",
        "jid_269117",
        "jid_269133",
        "jid_269133",
        "jid_269133",
        "jid_269133",
        "jid_269133",
        "jid_269133",
        "jid_269133",
        "jid_269133",
        "jid_269133",
        "jid_269133",
        "jid_269133",
        "jid_269133",
        "jid_269133",
        "jid_269133",
        "jid_269133",
        "jid_269133",
        "jid_269133",
        "jid_269133",
        "jid_269133",
        "jid_269133",
        "jid_269133",
        "jid_269133",
        "jid_269133",
        "jid_269133",
        "jid_269133",
        "jid_269133",
        "jid_269133",
        "jid_269133",
        "jid_272159",
        "jid_272159",
        "jid_268816",
        "jid_269026",
        "jid_269060",
        "jid_78224",
        "jid_78224",
        "jid_78224",
        "jid_268845",
        "jid_271793",
        "jid_273915",
        "jid_269151",
        "jid_269151",
        "jid_269151",
        "jid_269151",
        "jid_269151",
        "jid_269151",
        "jid_269151",
        "jid_269151",
        "jid_269151",
        "jid_269151",
        "jid_269151",
        "jid_269151",
        "jid_269151",
        "jid_269151",
        "jid_269151",
        "jid_269151",
        "jid_269151",
        "jid_269151",
        "jid_269151",
        "jid_269151",
        "jid_269079",
        "jid_268867",
        "jid_268871",
        "jid_268881",
        "jid_269185",
        "jid_269185",
        "jid_269185",
        "jid_269185",
        "jid_269185",
        "jid_269185",
        "jid_269185",
        "jid_269185",
        "jid_269185",
        "jid_269185",
        "jid_269185",
        "jid_269185",
        "jid_269185",
        "jid_269185",
        "jid_269185",
        "jid_269185",
        "jid_269185",
        "jid_269185",
        "jid_269185",
        "jid_269185",
        "jid_269185",
        "jid_269185",
        "jid_269185",
        "jid_269185",
        "jid_269185",
        "jid_269185",
        "jid_269185",
        "jid_269185",
        "jid_268943",
        "jid_268886",
        "jid_269240",
        "jid_265924",
        "jid_265924",
        "jid_265924",
        "jid_265924",
        "jid_265924",
        "jid_265924",
        "jid_265924",
        "jid_265924",
        "jid_265924",
        "jid_265924",
        "jid_265924",
        "jid_265924",
        "jid_265924",
        "jid_265924",
        "jid_265924",
        "jid_265924",
        "jid_265924",
        "jid_265924",
        "jid_265924",
        "jid_265924",
        "jid_265924",
        "jid_265924",
        "jid_265924",
        "jid_265924",
        "jid_265924",
        "jid_269011",
        "jid_269011",
        "jid_269011",
        "jid_269011",
        "jid_269011",
        "jid_269179",
        "jid_269025",
        "jid_269023",
        "jid_269023",
        "jid_269023",
        "jid_269023",
        "jid_269023",
        "jid_269023",
        "jid_269023",
        "jid_269023",
        "jid_269023",
        "jid_269023",
        "jid_269023",
        "jid_269023",
        "jid_269023",
        "jid_269023",
        "jid_269023",
        "jid_269023",
        "jid_269023",
        "jid_269023",
        "jid_269023",
        "jid_269023",
        "jid_269023",
        "jid_269023",
        "jid_269023",
        "jid_269023",
        "jid_269023",
        "jid_269290",
        "jid_269116",
        "jid_269069",
        "jid_269047",
        "jid_269176",
        "jid_269176",
        "jid_269176",
        "jid_269176",
        "jid_269176",
        "jid_269176",
        "jid_269176",
        "jid_269176",
        "jid_269176",
        "jid_269176",
        "jid_269176",
        "jid_269176",
        "jid_269176",
        "jid_269176",
        "jid_269176",
        "jid_269176",
        "jid_269176",
        "jid_269176",
        "jid_269176",
        "jid_269176",
        "jid_269176",
        "jid_269176",
        "jid_269176",
        "jid_269176",
        "jid_269100",
        "jid_269128",
        "jid_269214",
        "jid_269208",
        "jid_273702",
        "jid_269333",
        "jid_269158",
        "jid_269348",
        "jid_269160",
        "jid_269168",
        "jid_269202",
        "jid_269173",
        "jid_269182",
        "jid_269174",
        "jid_269245",
        "jid_269258",
        "jid_270700",
        "jid_269178",
        "jid_269187",
        "jid_269237",
        "jid_275146",
        "jid_269195",
        "jid_269199",
        "jid_269200",
        "jid_269384",
        "jid_269205",
        "jid_269218",
        "jid_269218",
        "jid_269218",
        "jid_269218",
        "jid_269218",
        "jid_269218",
        "jid_269218",
        "jid_269218",
        "jid_269218",
        "jid_269218",
        "jid_269218",
        "jid_269218",
        "jid_269218",
        "jid_269218",
        "jid_269218",
        "jid_269218",
        "jid_269218",
        "jid_269218",
        "jid_269218",
        "jid_269218",
        "jid_269218",
        "jid_269218",
        "jid_269218",
        "jid_269218",
        "jid_269218",
        "jid_269223",
        "jid_269222",
        "jid_269241",
        "jid_269242",
        "jid_269244",
        "jid_271615",
        "jid_271651",
        "jid_271721",
        "jid_271648",
        "jid_275694",
        "jid_275734",
        "jid_275802",
        "jid_275839",
        "jid_275855",
        "jid_275821",
        "jid_275892",
        "jid_275983",
        "jid_276900",
        "jid_277263",
        "jid_277320",
        "jid_278053",
        "jid_269268",
        "jid_269257",
        "jid_269265",
        "jid_269289",
        "jid_269276",
        "jid_269281",
        "jid_269286",
        "jid_269423",
        "jid_269479",
        "jid_269483",
        "jid_269315",
        "jid_269327",
        "jid_269340",
        "jid_269413",
        "jid_269374",
        "jid_269369",
        "jid_269357",
        "jid_271436",
        "jid_271516",
        "jid_278968",
        "jid_269378",
        "jid_269379",
        "jid_269385",
        "jid_269392",
        "jid_269418",
        "jid_269420",
        "jid_271642",
        "jid_269404",
        "jid_269568",
        "jid_269470",
        "jid_269473",
        "jid_271397",
        "jid_271409",
        "jid_270921",
        "jid_271003",
        "jid_270887",
        "jid_270941",
        "jid_270908",
        "jid_271006",
        "jid_271501",
        "jid_271374",
        "jid_271544",
        "jid_271683",
        "jid_271714",
        "jid_269484",
        "jid_271646",
        "jid_271905",
        "jid_269494",
        "jid_269639",
        "jid_269657",
        "jid_269544",
        "jid_269661",
        "jid_269569",
        "jid_269695",
        "jid_269577",
        "jid_269577",
        "jid_269577",
        "jid_269577",
        "jid_269577",
        "jid_269577",
        "jid_269577",
        "jid_269577",
        "jid_269577",
        "jid_269577",
        "jid_269577",
        "jid_269577",
        "jid_269577",
        "jid_269577",
        "jid_269577",
        "jid_269577",
        "jid_269577",
        "jid_269577",
        "jid_269577",
        "jid_269577",
        "jid_269577",
        "jid_269577",
        "jid_269577",
        "jid_270659",
        "jid_269605",
        "jid_271960",
        "jid_269652",
        "jid_271356",
        "jid_269672",
        "jid_269671",
        "jid_269671",
        "jid_269671",
        "jid_269671",
        "jid_269671",
        "jid_269671",
        "jid_269671",
        "jid_269671",
        "jid_269671",
        "jid_269671",
        "jid_269671",
        "jid_269671",
        "jid_269671",
        "jid_269671",
        "jid_269671",
        "jid_269671",
        "jid_269671",
        "jid_269671",
        "jid_269671",
        "jid_269671",
        "jid_269671",
        "jid_269671",
        "jid_269671",
        "jid_269664",
        "jid_269692",
        "jid_269680",
        "jid_269680",
        "jid_269680",
        "jid_269680",
        "jid_269680",
        "jid_269680",
        "jid_269680",
        "jid_269680",
        "jid_269680",
        "jid_269680",
        "jid_269680",
        "jid_269680",
        "jid_269680",
        "jid_269680",
        "jid_269680",
        "jid_269680",
        "jid_269680",
        "jid_269680",
        "jid_269680",
        "jid_269680",
        "jid_269680",
        "jid_269680",
        "jid_269707",
        "jid_270835",
        "jid_269719",
        "jid_270798",
        "jid_271341",
        "jid_269728",
        "jid_269728",
        "jid_269728",
        "jid_269728",
        "jid_269728",
        "jid_269728",
        "jid_269728",
        "jid_269728",
        "jid_269728",
        "jid_269728",
        "jid_269728",
        "jid_269728",
        "jid_269728",
        "jid_269728",
        "jid_269728",
        "jid_269728",
        "jid_269728",
        "jid_269728",
        "jid_269728",
        "jid_269728",
        "jid_269728",
        "jid_269728",
        "jid_271377",
        "jid_269735",
        "jid_270858",
        "jid_278974",
        "jid_270866",
        "jid_278984",
        "jid_278988",
        "jid_270876",
        "jid_278978",
        "jid_270911",
        "jid_270873",
        "jid_270882",
        "jid_270912",
        "jid_270918",
        "jid_271505",
        "jid_270903",
        "jid_270939",
        "jid_270932",
        "jid_270958",
        "jid_271527",
        "jid_270957",
        "jid_271524",
        "jid_271008",
        "jid_271002",
        "jid_271001",
        "jid_270985",
        "jid_271556",
        "jid_271031",
        "jid_271555",
        "jid_271022",
        "jid_271061",
        "jid_271083",
        "jid_271079",
        "jid_271084",
        "jid_271072",
        "jid_271077",
        "jid_271573",
        "jid_271574",
        "jid_271063",
        "jid_271122",
        "jid_271076",
        "jid_271126",
        "jid_271087",
        "jid_271095",
        "jid_271116",
        "jid_271110",
        "jid_271051",
        "jid_271590",
        "jid_271168",
        "jid_271154",
        "jid_271138",
        "jid_271175",
        "jid_271098",
        "jid_271176",
        "jid_271609",
        "jid_271180",
        "jid_271183",
        "jid_271209",
        "jid_271144",
        "jid_271118",
        "jid_271215",
        "jid_271197",
        "jid_271212",
        "jid_271635",
        "jid_271243",
        "jid_271157",
        "jid_271203",
        "jid_271680",
        "jid_271294",
        "jid_271287",
        "jid_271250",
        "jid_271204",
        "jid_270977",
        "jid_270872",
        "jid_271013",
        "jid_270660",
        "jid_270669",
        "jid_270747",
        "jid_271709",
        "jid_270780",
        "jid_270753",
        "jid_272001",
        "jid_270806",
        "jid_278926",
        "jid_270810",
        "jid_275569",
        "jid_275332",
        "jid_278970",
        "jid_270825",
        "jid_270851",
        "jid_270826",
        "jid_270840",
        "jid_271838",
        "jid_270842",
        "jid_74423",
        "jid_74423",
        "jid_270846",
        "jid_272008",
        "jid_270852",
        "jid_270950",
        "jid_75885",
        "jid_271859",
        "jid_270935",
        "jid_271047",
        "jid_271046",
        "jid_271053",
        "jid_271308",
        "jid_271333",
        "jid_76001",
        "jid_77817",
        "jid_77817",
        "jid_77817",
        "jid_77793",
        "jid_77793",
        "jid_77793",
        "jid_77793",
        "jid_77679",
        "jid_77679",
        "jid_77797",
        "jid_77797",
        "jid_77753",
        "jid_76446",
        "jid_76446",
        "jid_77069",
        "jid_77069",
        "jid_77069",
        "jid_77069",
        "jid_271090",
        "jid_271093",
        "jid_271100",
        "jid_271769",
        "jid_271365",
        "jid_271365",
        "jid_271365",
        "jid_271365",
        "jid_271365",
        "jid_271365",
        "jid_271365",
        "jid_271365",
        "jid_271365",
        "jid_271365",
        "jid_271365",
        "jid_271365",
        "jid_271365",
        "jid_271365",
        "jid_271365",
        "jid_271365",
        "jid_271365",
        "jid_271365",
        "jid_271365",
        "jid_271365",
        "jid_271365",
        "jid_271365",
        "jid_271365",
        "jid_271365",
        "jid_271365",
        "jid_271365",
        "jid_271365",
        "jid_271365",
        "jid_271365",
        "jid_271365",
        "jid_271365",
        "jid_271365",
        "jid_271365",
        "jid_271365",
        "jid_271365",
        "jid_271365",
        "jid_271365",
        "jid_271365",
        "jid_271365",
        "jid_271365",
        "jid_271365",
        "jid_271365",
        "jid_271365",
        "jid_271365",
        "jid_271365",
        "jid_271365",
        "jid_271365",
        "jid_271365",
        "jid_271365",
        "jid_271365",
        "jid_271365",
        "jid_271365",
        "jid_271365",
        "jid_271365",
        "jid_271365",
        "jid_271365",
        "jid_271365",
        "jid_271365",
        "jid_271365",
        "jid_271365",
        "jid_271365",
        "jid_271365",
        "jid_271365",
        "jid_271365",
        "jid_271365",
        "jid_271365",
        "jid_271365",
        "jid_271365",
        "jid_271365",
        "jid_271365",
        "jid_271365",
        "jid_271365",
        "jid_271365",
        "jid_271365",
        "jid_271365",
        "jid_271140",
        "jid_275908",
        "jid_275908",
        "jid_275908",
        "jid_275480",
        "jid_271495",
        "jid_275351",
        "jid_271450",
        "jid_271336",
        "jid_271575",
        "jid_271643",
        "jid_271830",
        "jid_271692",
        "jid_271767",
        "jid_271757",
        "jid_271778",
        "jid_76865",
        "jid_76865",
        "jid_271344",
        "jid_271340",
        "jid_275754",
        "jid_276048",
        "jid_275554",
        "jid_275475",
        "jid_272188",
        "jid_272016",
        "jid_271443",
        "jid_271444",
        "jid_271442",
        "jid_271444",
        "jid_271446",
        "jid_271446",
        "jid_271447",
        "jid_271453",
        "jid_271447",
        "jid_271447",
        "jid_271452",
        "jid_271453",
        "jid_271454",
        "jid_271452",
        "jid_271452",
        "jid_271454",
        "jid_271455",
        "jid_271455",
        "jid_271455",
        "jid_271455",
        "jid_271460",
        "jid_271463",
        "jid_271463",
        "jid_271460",
        "jid_271460",
        "jid_271466",
        "jid_271464",
        "jid_271464",
        "jid_271464",
        "jid_271461",
        "jid_271466",
        "jid_271461",
        "jid_271461",
        "jid_271468",
        "jid_271461",
        "jid_271461",
        "jid_271457",
        "jid_271459",
        "jid_271462",
        "jid_271459",
        "jid_271467",
        "jid_271467",
        "jid_271465",
        "jid_271456",
        "jid_271456",
        "jid_271470",
        "jid_271470",
        "jid_271470",
        "jid_271628",
        "jid_271761",
        "jid_271850",
        "jid_271507",
        "jid_271514",
        "jid_271510",
        "jid_271727",
        "jid_271727",
        "jid_271727",
        "jid_271727",
        "jid_271727",
        "jid_271727",
        "jid_271727",
        "jid_271727",
        "jid_271727",
        "jid_271727",
        "jid_271727",
        "jid_271727",
        "jid_271727",
        "jid_271727",
        "jid_271727",
        "jid_271727",
        "jid_271727",
        "jid_271727",
        "jid_271727",
        "jid_271727",
        "jid_271727",
        "jid_271727",
        "jid_271727",
        "jid_271727",
        "jid_271727",
        "jid_271727",
        "jid_271727",
        "jid_271727",
        "jid_271727",
        "jid_271727",
        "jid_271727",
        "jid_271727",
        "jid_271727",
        "jid_271727",
        "jid_271727",
        "jid_271727",
        "jid_271727",
        "jid_271727",
        "jid_271727",
        "jid_271727",
        "jid_271727",
        "jid_271727",
        "jid_271727",
        "jid_271727",
        "jid_271727",
        "jid_271727",
        "jid_271727",
        "jid_271727",
        "jid_271727",
        "jid_271727",
        "jid_271727",
        "jid_271727",
        "jid_271727",
        "jid_271727",
        "jid_271727",
        "jid_271727",
        "jid_271727",
        "jid_271727",
        "jid_271727",
        "jid_271727",
        "jid_271727",
        "jid_271727",
        "jid_271727",
        "jid_271727",
        "jid_271727",
        "jid_271727",
        "jid_271727",
        "jid_271727",
        "jid_271727",
        "jid_271727",
        "jid_271727",
        "jid_271727",
        "jid_271727",
        "jid_271727",
        "jid_271727",
        "jid_271727",
        "jid_271727",
        "jid_271727",
        "jid_271727",
        "jid_271727",
        "jid_271727",
        "jid_271727",
        "jid_271727",
        "jid_271727",
        "jid_271727",
        "jid_271727",
        "jid_271531",
        "jid_271566",
        "jid_275531",
        "jid_275531",
        "jid_275456",
        "jid_275456",
        "jid_275418",
        "jid_275418",
        "jid_275450",
        "jid_275325",
        "jid_275513",
        "jid_275513",
        "jid_275552",
        "jid_275415",
        "jid_275409",
        "jid_275409",
        "jid_275433",
        "jid_275433",
        "jid_275748",
        "jid_275748",
        "jid_275748",
        "jid_275538",
        "jid_271579",
        "jid_271579",
        "jid_271579",
        "jid_271579",
        "jid_271579",
        "jid_271579",
        "jid_271579",
        "jid_271579",
        "jid_271579",
        "jid_271579",
        "jid_271579",
        "jid_271579",
        "jid_271579",
        "jid_271579",
        "jid_271579",
        "jid_271579",
        "jid_271579",
        "jid_271579",
        "jid_271579",
        "jid_271579",
        "jid_271579",
        "jid_275931",
        "jid_275918",
        "jid_277370",
        "jid_275920",
        "jid_271715",
        "jid_271883",
        "jid_271431",
        "jid_271431",
        "jid_271431",
        "jid_271431",
        "jid_271431",
        "jid_271431",
        "jid_271431",
        "jid_271431",
        "jid_271431",
        "jid_271431",
        "jid_271431",
        "jid_271431",
        "jid_271431",
        "jid_271431",
        "jid_271431",
        "jid_271431",
        "jid_271431",
        "jid_271431",
        "jid_271431",
        "jid_271431",
        "jid_271431",
        "jid_271431",
        "jid_271431",
        "jid_271431",
        "jid_271431",
        "jid_271431",
        "jid_271649",
        "jid_275528",
        "jid_275888",
        "jid_275507",
        "jid_275420",
        "jid_271737",
        "jid_271725",
        "jid_271732",
        "jid_271732",
        "jid_271732",
        "jid_271730",
        "jid_271731",
        "jid_271731",
        "jid_271730",
        "jid_271736",
        "jid_271733",
        "jid_271726",
        "jid_271726",
        "jid_271726",
        "jid_271726",
        "jid_271728",
        "jid_271729",
        "jid_271734",
        "jid_271734",
        "jid_271735",
        "jid_271735",
        "jid_271739",
        "jid_271739",
        "jid_271739",
        "jid_271739",
        "jid_271738",
        "jid_271742",
        "jid_271742",
        "jid_271738",
        "jid_271760",
        "jid_271760",
        "jid_271760",
        "jid_271752",
        "jid_271748",
        "jid_271748",
        "jid_271755",
        "jid_271744",
        "jid_271755",
        "jid_271755",
        "jid_271747",
        "jid_271747",
        "jid_271745",
        "jid_271745",
        "jid_271844",
        "jid_271880",
        "jid_271788",
        "jid_271861",
        "jid_275132",
        "jid_275132",
        "jid_275132",
        "jid_275133",
        "jid_271814",
        "jid_271808",
        "jid_271903",
        "jid_271874",
        "jid_275562",
        "jid_275713",
        "jid_275501",
        "jid_276197",
        "jid_271839",
        "jid_275613",
        "jid_276193",
        "jid_275459",
        "jid_275362",
        "jid_74917",
        "jid_74917",
        "jid_75743",
        "jid_75743",
        "jid_75743",
        "jid_275148",
        "jid_75743",
        "jid_75675",
        "jid_275074",
        "jid_275107",
        "jid_74968",
        "jid_275074",
        "jid_74968",
        "jid_74968",
        "jid_75059",
        "jid_75059",
        "jid_75059",
        "jid_275049",
        "jid_275127",
        "jid_275127",
        "jid_275127",
        "jid_275127",
        "jid_74908",
        "jid_74908",
        "jid_275058",
        "jid_275058",
        "jid_71555",
        "jid_275058",
        "jid_275058",
        "jid_275058",
        "jid_81653",
        "jid_275176",
        "jid_275176",
        "jid_74316",
        "jid_271894",
        "jid_274901",
        "jid_275939",
        "jid_275761",
        "jid_275624",
        "jid_276185",
        "jid_272098",
        "jid_279584",
        "jid_272133",
        "jid_271915",
        "jid_271978",
        "jid_271919",
        "jid_271928",
        "jid_271944",
        "jid_271940",
        "jid_271947",
        "jid_275077",
        "jid_271945",
        "jid_274108",
        "jid_271946",
        "jid_271950",
        "jid_271959",
        "jid_271969",
        "jid_271969",
        "jid_271969",
        "jid_271969",
        "jid_271969",
        "jid_271969",
        "jid_271969",
        "jid_271969",
        "jid_271969",
        "jid_271969",
        "jid_271969",
        "jid_271969",
        "jid_271969",
        "jid_271969",
        "jid_271969",
        "jid_271969",
        "jid_271967",
        "jid_276204",
        "jid_77881",
        "jid_276561",
        "jid_272035",
        "jid_272086",
        "jid_275117",
        "jid_275091",
        "jid_272040",
        "jid_276928",
        "jid_71246",
        "jid_78875",
        "jid_277086",
        "jid_272037",
        "jid_272037",
        "jid_272037",
        "jid_272037",
        "jid_272037",
        "jid_272037",
        "jid_272037",
        "jid_272037",
        "jid_272037",
        "jid_272037",
        "jid_272037",
        "jid_272037",
        "jid_272037",
        "jid_272037",
        "jid_272037",
        "jid_272037",
        "jid_272037",
        "jid_272037",
        "jid_272037",
        "jid_272037",
        "jid_272037",
        "jid_272037",
        "jid_272037",
        "jid_272037",
        "jid_272568",
        "jid_272726",
        "jid_77838",
        "jid_77838",
        "jid_272066",
        "jid_272064",
        "jid_272065",
        "jid_272196",
        "jid_272190",
        "jid_272069",
        "jid_272072",
        "jid_272094",
        "jid_272087",
        "jid_272087",
        "jid_272087",
        "jid_272087",
        "jid_272087",
        "jid_272087",
        "jid_272087",
        "jid_272087",
        "jid_272087",
        "jid_272087",
        "jid_272087",
        "jid_272087",
        "jid_272087",
        "jid_272087",
        "jid_272087",
        "jid_272087",
        "jid_272087",
        "jid_272303",
        "jid_272273",
        "jid_272100",
        "jid_272100",
        "jid_272100",
        "jid_272100",
        "jid_272100",
        "jid_272100",
        "jid_272100",
        "jid_272100",
        "jid_272100",
        "jid_272100",
        "jid_272100",
        "jid_272100",
        "jid_272100",
        "jid_272100",
        "jid_272100",
        "jid_272100",
        "jid_272103",
        "jid_272103",
        "jid_272103",
        "jid_272103",
        "jid_272103",
        "jid_272103",
        "jid_272103",
        "jid_272103",
        "jid_272103",
        "jid_272103",
        "jid_272103",
        "jid_272103",
        "jid_272103",
        "jid_272103",
        "jid_272103",
        "jid_272103",
        "jid_272103",
        "jid_272105",
        "jid_272105",
        "jid_272105",
        "jid_272105",
        "jid_272105",
        "jid_272105",
        "jid_272105",
        "jid_272105",
        "jid_272105",
        "jid_272105",
        "jid_272105",
        "jid_272105",
        "jid_272105",
        "jid_272105",
        "jid_272105",
        "jid_272105",
        "jid_272105",
        "jid_272111",
        "jid_272111",
        "jid_272111",
        "jid_272111",
        "jid_272111",
        "jid_272111",
        "jid_272111",
        "jid_272111",
        "jid_272111",
        "jid_272111",
        "jid_272111",
        "jid_272111",
        "jid_272111",
        "jid_272111",
        "jid_272111",
        "jid_272111",
        "jid_272111",
        "jid_272111",
        "jid_272111",
        "jid_272111",
        "jid_272118",
        "jid_272112",
        "jid_272112",
        "jid_272112",
        "jid_272112",
        "jid_272112",
        "jid_272112",
        "jid_272112",
        "jid_272112",
        "jid_272112",
        "jid_272112",
        "jid_272112",
        "jid_272112",
        "jid_272112",
        "jid_272112",
        "jid_272112",
        "jid_272112",
        "jid_272112",
        "jid_272112",
        "jid_272112",
        "jid_272112",
        "jid_272112",
        "jid_272115",
        "jid_272115",
        "jid_272115",
        "jid_272115",
        "jid_272115",
        "jid_272115",
        "jid_272115",
        "jid_272115",
        "jid_272115",
        "jid_272115",
        "jid_272115",
        "jid_272115",
        "jid_272115",
        "jid_272115",
        "jid_272115",
        "jid_272115",
        "jid_272115",
        "jid_272115",
        "jid_272115",
        "jid_272115",
        "jid_272115",
        "jid_272121",
        "jid_272131",
        "jid_272126",
        "jid_272126",
        "jid_272126",
        "jid_272126",
        "jid_272126",
        "jid_272126",
        "jid_272126",
        "jid_272126",
        "jid_272126",
        "jid_272126",
        "jid_272126",
        "jid_272126",
        "jid_272126",
        "jid_272126",
        "jid_272126",
        "jid_272126",
        "jid_272129",
        "jid_272135",
        "jid_272135",
        "jid_272135",
        "jid_272135",
        "jid_272135",
        "jid_272135",
        "jid_272135",
        "jid_272135",
        "jid_272135",
        "jid_272135",
        "jid_272135",
        "jid_272135",
        "jid_272135",
        "jid_272135",
        "jid_272135",
        "jid_272135",
        "jid_272135",
        "jid_272135",
        "jid_272135",
        "jid_272135",
        "jid_272136",
        "jid_272140",
        "jid_272140",
        "jid_272140",
        "jid_272140",
        "jid_272140",
        "jid_272140",
        "jid_272140",
        "jid_272140",
        "jid_272140",
        "jid_272140",
        "jid_272140",
        "jid_272140",
        "jid_272140",
        "jid_272140",
        "jid_272140",
        "jid_272140",
        "jid_272140",
        "jid_272140",
        "jid_272140",
        "jid_272140",
        "jid_272140",
        "jid_272140",
        "jid_272140",
        "jid_272140",
        "jid_272140",
        "jid_272140",
        "jid_275283",
        "jid_272143",
        "jid_272143",
        "jid_272143",
        "jid_272143",
        "jid_272143",
        "jid_272143",
        "jid_272143",
        "jid_272143",
        "jid_272143",
        "jid_272143",
        "jid_272143",
        "jid_272143",
        "jid_272143",
        "jid_272143",
        "jid_272143",
        "jid_272143",
        "jid_272143",
        "jid_272143",
        "jid_272143",
        "jid_272168",
        "jid_272155",
        "jid_272155",
        "jid_272155",
        "jid_272155",
        "jid_272155",
        "jid_272155",
        "jid_272155",
        "jid_272155",
        "jid_272155",
        "jid_272155",
        "jid_272155",
        "jid_272155",
        "jid_272155",
        "jid_272155",
        "jid_272155",
        "jid_272155",
        "jid_272155",
        "jid_272160",
        "jid_272160",
        "jid_272160",
        "jid_272160",
        "jid_272160",
        "jid_272160",
        "jid_272160",
        "jid_272160",
        "jid_272160",
        "jid_272160",
        "jid_272160",
        "jid_272160",
        "jid_272160",
        "jid_272160",
        "jid_272160",
        "jid_272160",
        "jid_272160",
        "jid_272160",
        "jid_272160",
        "jid_272160",
        "jid_272160",
        "jid_272160",
        "jid_272160",
        "jid_272164",
        "jid_272302",
        "jid_272265",
        "jid_272172",
        "jid_272172",
        "jid_272172",
        "jid_272172",
        "jid_272172",
        "jid_272172",
        "jid_272172",
        "jid_272172",
        "jid_272172",
        "jid_272172",
        "jid_272172",
        "jid_272172",
        "jid_272172",
        "jid_272172",
        "jid_272172",
        "jid_272172",
        "jid_272172",
        "jid_272172",
        "jid_272350",
        "jid_272175",
        "jid_272175",
        "jid_272175",
        "jid_272175",
        "jid_272175",
        "jid_272175",
        "jid_272175",
        "jid_272175",
        "jid_272175",
        "jid_272175",
        "jid_272175",
        "jid_272175",
        "jid_272175",
        "jid_272175",
        "jid_272175",
        "jid_272175",
        "jid_272175",
        "jid_272175",
        "jid_272175",
        "jid_275642",
        "jid_275642",
        "jid_275642",
        "jid_275642",
        "jid_272181",
        "jid_272184",
        "jid_272184",
        "jid_272184",
        "jid_272184",
        "jid_272184",
        "jid_272184",
        "jid_272184",
        "jid_272184",
        "jid_272184",
        "jid_272184",
        "jid_272184",
        "jid_272184",
        "jid_272184",
        "jid_272184",
        "jid_272184",
        "jid_272184",
        "jid_272184",
        "jid_272184",
        "jid_272184",
        "jid_272184",
        "jid_272186",
        "jid_272186",
        "jid_272186",
        "jid_272186",
        "jid_272186",
        "jid_272186",
        "jid_272186",
        "jid_272186",
        "jid_272186",
        "jid_272186",
        "jid_272186",
        "jid_272186",
        "jid_272186",
        "jid_272186",
        "jid_272186",
        "jid_272186",
        "jid_272186",
        "jid_272186",
        "jid_272432",
        "jid_272189",
        "jid_272189",
        "jid_272189",
        "jid_272189",
        "jid_272189",
        "jid_272189",
        "jid_272189",
        "jid_272189",
        "jid_272189",
        "jid_272189",
        "jid_272189",
        "jid_272189",
        "jid_272189",
        "jid_272189",
        "jid_272189",
        "jid_272189",
        "jid_272189",
        "jid_272189",
        "jid_272191",
        "jid_272191",
        "jid_272191",
        "jid_272191",
        "jid_272191",
        "jid_272191",
        "jid_272191",
        "jid_272191",
        "jid_272191",
        "jid_272191",
        "jid_272191",
        "jid_272191",
        "jid_272191",
        "jid_272191",
        "jid_272191",
        "jid_272191",
        "jid_272191",
        "jid_275567",
        "jid_272191",
        "jid_272191",
        "jid_272191",
        "jid_272191"
    ],
    "Jobs <= 5 nodes": 1960,
    "Jobs <= 50 nodes": 732,
    "Jobs <= 250 nodes": 53,
    "Jobs > 250 nodes": 81,
    "min job size": 1,
    "max job size": 20480,
    "average job size": 247.32661004954,
    "min runtime": 0,
    "max runtime": 38636,
    "average runtime": 783.5920028308564,
    "min energy": 0.0,
    "max energy": 18839572897.959312,
    "avg energy": 18913584.28126233,
    "min edp": 0.0,
    "max edp": 132388987700245.23,
    "avg edp": 124844135652.83543,
    "min edp^2": 0.0,
    "max edp^2": 4.531939826954795e+18,
    "avg edp^2": 2550732803492628.5,
    "min_aggregate_node_hours": 0,
    "max_aggregate_node_hours": 106741760,
    "avg_aggregate_node_hours": 108029.87154989384,
    "min_wait_time": 0,
    "max_wait_time": 2871,
    "average_wait_time": 195.16525123849965,
    "min_turnaround_time": 0,
    "max_turnaround_time": 39851,
    "average_turnaround_time": 978.757254069356,
    "min_area_weighted_response_time": 0,
    "max_area_weighted_response_time": 760640517120,
    "area_weighted_avg_response_time": 6718.901497576338,
    "priority_weighted_specific_response_time": 21944.02396364861
}