{
    "num_samples": 60480,
    "average power": "3.19 MW",
    "min loss": "0.51 MW",
    "average loss": "0.53 MW",
    "max loss": "0.54 MW",
    "system power efficiency": "83.41%",
    "total energy consumed": "535.25 MW-hr",
    "carbon emissions": "248.07 metric tons CO2",
    "total cost": "$50313.67"
}{
    "jobs completed": 38059,
    "throughput": "226.54 jobs/hour",
    "jobs still running": [
        "jid_1844051",
        "jid_1840159",
        "jid_1844639",
        "jid_1839442",
        "jid_1859493",
        "jid_1839074",
        "jid_1858224",
        "jid_1873358",
        "jid_1840256",
        "jid_1844768",
        "jid_1844776",
        "jid_1859658",
        "jid_1858008",
        "jid_1843842",
        "jid_1846138",
        "jid_1857500",
        "jid_1841744",
        "jid_1928172",
        "jid_1859440",
        "jid_1844367",
        "jid_1844392",
        "jid_1844398",
        "jid_1844332",
        "jid_1857640",
        "jid_1845586",
        "jid_1837426",
        "jid_1837546",
        "jid_1858012",
        "jid_1838540",
        "jid_1889845",
        "jid_1839847",
        "jid_1858069",
        "jid_1865953",
        "jid_1837091",
        "jid_1844385"
    ],
    "jobs still in queue": [
        "jid_1873671",
        "jid_1874298",
        "jid_1885142",
        "jid_1887634",
        "jid_1962905",
        "jid_1906265",
        "jid_1905961",
        "jid_1894144",
        "jid_1906622",
        "jid_1908394",
        "jid_1908765",
        "jid_1909380",
        "jid_1909388",
        "jid_1802558",
        "jid_1882232",
        "jid_1889155",
        "jid_1807364",
        "jid_1817104",
        "jid_1818980",
        "jid_1819305",
        "jid_1822070",
        "jid_1819367",
        "jid_1824170",
        "jid_1825556",
        "jid_1670390",
        "jid_1675028",
        "jid_1672200",
        "jid_1739888",
        "jid_1758962",
        "jid_1675250",
        "jid_1712607",
        "jid_1835072",
        "jid_1834637",
        "jid_1601882",
        "jid_1838241",
        "jid_1803261"
    ],
    "Jobs <= 5 nodes": 33223,
    "Jobs <= 50 nodes": 3524,
    "Jobs <= 250 nodes": 681,
    "Jobs <= 4500 nodes": 620,
    "Jobs > 4500 nodes": 11,
    "min job size": 1,
    "max job size": 6000,
    "average job size": 18.808534118079823,
    "min runtime": 0,
    "max runtime": 256975,
    "average runtime": 6692.0897816547995,
    "min energy": 0.0,
    "max energy": 56135745416.31941,
    "avg energy": 43762965.557601295,
    "min edp": 0.0,
    "max edp": 4822004395516421.0,
    "avg edp": 1816543702111.213,
    "min edp^2": 0.0,
    "max edp^2": 4.142053555704651e+20,
    "avg edp^2": 1.2016622685018536e+17,
    "min_aggregate_node_hours": 0,
    "max_aggregate_node_hours": 317998098,
    "avg_aggregate_node_hours": 255970.33674032424,
    "min_cpu_util": 0.5040941785210127,
    "max_cpu_util": 1.0,
    "avg_cpu_util": 0.9839937492466069,
    "min_gpu_util": 0,
    "max_gpu_util": 0,
    "avg_gpu_util": 0.0,
    "min_ntx_util": 0,
    "max_ntx_util": 0,
    "avg_ntx_util": 0.0,
    "min_nrx_util": 0,
    "max_nrx_util": 0,
    "avg_nrx_util": 0.0,
    "min_wait_time": 0,
    "max_wait_time": 579078,
    "average_wait_time": 1553.6925037441868,
    "min_turnaround_time": 0,
    "max_turnaround_time": 601500,
    "average_turnaround_time": 8245.782285398986,
    "min_area_weighted_response_time": 0,
    "max_area_weighted_response_time": 98280174169782,
    "area_weighted_avg_response_time": 106436.63482415854,
    "priority_weighted_specific_response_time": 423372.547166273
}